<!doctype html public "-//w3c//dtd html 4.0 transitional//en">
<html><head>
<title>Static Call Graph - [U575\U575.axf]</title></head>
<body><HR>
<H1>Static Call Graph for image U575\U575.axf</H1><HR>
<BR><P>#&#060CALLGRAPH&#062# ARM Linker, 6220000: Last Updated: Mon Jun 22 00:36:52 2026
<BR><P>
<H3>Maximum Stack Usage =        628 bytes + Unknown(Cycles, Untraceable Function Pointers)</H3><H3>
Call chain for Maximum Stack Depth:</H3>
__rt_entry_main &rArr; main &rArr; MX_ADC1_Init &rArr; HAL_ADC_Init &rArr; HAL_ADC_MspInit &rArr; HAL_DMAEx_List_InsertNode &rArr; DMA_List_FindNode
<P>
<H3>
Mutually Recursive functions
</H3> <LI><a href="#[6]">SecureFault_Handler</a>&nbsp;&nbsp;&nbsp;&rArr;&nbsp;&nbsp;&nbsp;<a href="#[6]">SecureFault_Handler</a><BR>
 <LI><a href="#[2f]">ADC1_IRQHandler</a>&nbsp;&nbsp;&nbsp;&rArr;&nbsp;&nbsp;&nbsp;<a href="#[2f]">ADC1_IRQHandler</a><BR>
 <LI><a href="#[4]">BusFault_Handler</a>&nbsp;&nbsp;&nbsp;&rArr;&nbsp;&nbsp;&nbsp;<a href="#[4]">BusFault_Handler</a><BR>
 <LI><a href="#[2]">HardFault_Handler</a>&nbsp;&nbsp;&nbsp;&rArr;&nbsp;&nbsp;&nbsp;<a href="#[2]">HardFault_Handler</a><BR>
 <LI><a href="#[3]">MemManage_Handler</a>&nbsp;&nbsp;&nbsp;&rArr;&nbsp;&nbsp;&nbsp;<a href="#[3]">MemManage_Handler</a><BR>
 <LI><a href="#[1]">NMI_Handler</a>&nbsp;&nbsp;&nbsp;&rArr;&nbsp;&nbsp;&nbsp;<a href="#[1]">NMI_Handler</a><BR>
 <LI><a href="#[90]">StartDefaultTask</a>&nbsp;&nbsp;&nbsp;&rArr;&nbsp;&nbsp;&nbsp;<a href="#[90]">StartDefaultTask</a><BR>
 <LI><a href="#[97]">StartDisplayTask</a>&nbsp;&nbsp;&nbsp;&rArr;&nbsp;&nbsp;&nbsp;<a href="#[97]">StartDisplayTask</a><BR>
 <LI><a href="#[96]">StartUiTask</a>&nbsp;&nbsp;&nbsp;&rArr;&nbsp;&nbsp;&nbsp;<a href="#[96]">StartUiTask</a><BR>
 <LI><a href="#[5]">UsageFault_Handler</a>&nbsp;&nbsp;&nbsp;&rArr;&nbsp;&nbsp;&nbsp;<a href="#[5]">UsageFault_Handler</a><BR>
</UL>
<P>
<H3>
Function Pointers
</H3><UL>
 <LI><a href="#[2f]">ADC1_IRQHandler</a> from startup_stm32u575xx.o(.text) referenced from startup_stm32u575xx.o(RESET)
 <LI><a href="#[77]">ADC4_IRQHandler</a> from startup_stm32u575xx.o(.text) referenced from startup_stm32u575xx.o(RESET)
 <LI><a href="#[89]">ADC_DMAConvCplt</a> from stm32u5xx_hal_adc.o(.text.ADC_DMAConvCplt) referenced 2 times from stm32u5xx_hal_adc.o(.text.HAL_ADC_Start_DMA)
 <LI><a href="#[8b]">ADC_DMAError</a> from stm32u5xx_hal_adc.o(.text.ADC_DMAError) referenced 2 times from stm32u5xx_hal_adc.o(.text.HAL_ADC_Start_DMA)
 <LI><a href="#[8a]">ADC_DMAHalfConvCplt</a> from stm32u5xx_hal_adc.o(.text.ADC_DMAHalfConvCplt) referenced 2 times from stm32u5xx_hal_adc.o(.text.HAL_ADC_Start_DMA)
 <LI><a href="#[76]">ADF1_IRQHandler</a> from startup_stm32u575xx.o(.text) referenced from startup_stm32u575xx.o(RESET)
 <LI><a href="#[4]">BusFault_Handler</a> from stm32u5xx_it.o(.text.BusFault_Handler) referenced from startup_stm32u575xx.o(RESET)
 <LI><a href="#[52]">COMP_IRQHandler</a> from startup_stm32u575xx.o(.text) referenced from startup_stm32u575xx.o(RESET)
 <LI><a href="#[81]">CORDIC_IRQHandler</a> from startup_stm32u575xx.o(.text) referenced from startup_stm32u575xx.o(RESET)
 <LI><a href="#[54]">CRS_IRQHandler</a> from startup_stm32u575xx.o(.text) referenced from startup_stm32u575xx.o(RESET)
 <LI><a href="#[30]">DAC1_IRQHandler</a> from startup_stm32u575xx.o(.text) referenced from startup_stm32u575xx.o(RESET)
 <LI><a href="#[75]">DCACHE1_IRQHandler</a> from startup_stm32u575xx.o(.text) referenced from startup_stm32u575xx.o(RESET)
 <LI><a href="#[7d]">DCMI_PSSI_IRQHandler</a> from startup_stm32u575xx.o(.text) referenced from startup_stm32u575xx.o(RESET)
 <LI><a href="#[7c]">DMA2D_IRQHandler</a> from startup_stm32u575xx.o(.text) referenced from startup_stm32u575xx.o(RESET)
 <LI><a href="#[8]">DebugMon_Handler</a> from stm32u5xx_it.o(.text.DebugMon_Handler) referenced from startup_stm32u575xx.o(RESET)
 <LI><a href="#[16]">EXTI0_IRQHandler</a> from startup_stm32u575xx.o(.text) referenced from startup_stm32u575xx.o(RESET)
 <LI><a href="#[20]">EXTI10_IRQHandler</a> from startup_stm32u575xx.o(.text) referenced from startup_stm32u575xx.o(RESET)
 <LI><a href="#[21]">EXTI11_IRQHandler</a> from startup_stm32u575xx.o(.text) referenced from startup_stm32u575xx.o(RESET)
 <LI><a href="#[22]">EXTI12_IRQHandler</a> from startup_stm32u575xx.o(.text) referenced from startup_stm32u575xx.o(RESET)
 <LI><a href="#[23]">EXTI13_IRQHandler</a> from startup_stm32u575xx.o(.text) referenced from startup_stm32u575xx.o(RESET)
 <LI><a href="#[24]">EXTI14_IRQHandler</a> from startup_stm32u575xx.o(.text) referenced from startup_stm32u575xx.o(RESET)
 <LI><a href="#[25]">EXTI15_IRQHandler</a> from startup_stm32u575xx.o(.text) referenced from startup_stm32u575xx.o(RESET)
 <LI><a href="#[17]">EXTI1_IRQHandler</a> from startup_stm32u575xx.o(.text) referenced from startup_stm32u575xx.o(RESET)
 <LI><a href="#[18]">EXTI2_IRQHandler</a> from startup_stm32u575xx.o(.text) referenced from startup_stm32u575xx.o(RESET)
 <LI><a href="#[19]">EXTI3_IRQHandler</a> from startup_stm32u575xx.o(.text) referenced from startup_stm32u575xx.o(RESET)
 <LI><a href="#[1a]">EXTI4_IRQHandler</a> from startup_stm32u575xx.o(.text) referenced from startup_stm32u575xx.o(RESET)
 <LI><a href="#[1b]">EXTI5_IRQHandler</a> from startup_stm32u575xx.o(.text) referenced from startup_stm32u575xx.o(RESET)
 <LI><a href="#[1c]">EXTI6_IRQHandler</a> from startup_stm32u575xx.o(.text) referenced from startup_stm32u575xx.o(RESET)
 <LI><a href="#[1d]">EXTI7_IRQHandler</a> from startup_stm32u575xx.o(.text) referenced from startup_stm32u575xx.o(RESET)
 <LI><a href="#[1e]">EXTI8_IRQHandler</a> from startup_stm32u575xx.o(.text) referenced from startup_stm32u575xx.o(RESET)
 <LI><a href="#[1f]">EXTI9_IRQHandler</a> from startup_stm32u575xx.o(.text) referenced from startup_stm32u575xx.o(RESET)
 <LI><a href="#[31]">FDCAN1_IT0_IRQHandler</a> from startup_stm32u575xx.o(.text) referenced from startup_stm32u575xx.o(RESET)
 <LI><a href="#[32]">FDCAN1_IT1_IRQHandler</a> from startup_stm32u575xx.o(.text) referenced from startup_stm32u575xx.o(RESET)
 <LI><a href="#[11]">FLASH_IRQHandler</a> from startup_stm32u575xx.o(.text) referenced from startup_stm32u575xx.o(RESET)
 <LI><a href="#[12]">FLASH_S_IRQHandler</a> from startup_stm32u575xx.o(.text) referenced from startup_stm32u575xx.o(RESET)
 <LI><a href="#[82]">FMAC_IRQHandler</a> from startup_stm32u575xx.o(.text) referenced from startup_stm32u575xx.o(RESET)
 <LI><a href="#[55]">FMC_IRQHandler</a> from startup_stm32u575xx.o(.text) referenced from startup_stm32u575xx.o(RESET)
 <LI><a href="#[68]">FPU_IRQHandler</a> from startup_stm32u575xx.o(.text) referenced from startup_stm32u575xx.o(RESET)
 <LI><a href="#[27]">GPDMA1_Channel0_IRQHandler</a> from stm32u5xx_it.o(.text.GPDMA1_Channel0_IRQHandler) referenced from startup_stm32u575xx.o(RESET)
 <LI><a href="#[5c]">GPDMA1_Channel10_IRQHandler</a> from startup_stm32u575xx.o(.text) referenced from startup_stm32u575xx.o(RESET)
 <LI><a href="#[5d]">GPDMA1_Channel11_IRQHandler</a> from startup_stm32u575xx.o(.text) referenced from startup_stm32u575xx.o(RESET)
 <LI><a href="#[5e]">GPDMA1_Channel12_IRQHandler</a> from startup_stm32u575xx.o(.text) referenced from startup_stm32u575xx.o(RESET)
 <LI><a href="#[5f]">GPDMA1_Channel13_IRQHandler</a> from startup_stm32u575xx.o(.text) referenced from startup_stm32u575xx.o(RESET)
 <LI><a href="#[60]">GPDMA1_Channel14_IRQHandler</a> from startup_stm32u575xx.o(.text) referenced from startup_stm32u575xx.o(RESET)
 <LI><a href="#[61]">GPDMA1_Channel15_IRQHandler</a> from startup_stm32u575xx.o(.text) referenced from startup_stm32u575xx.o(RESET)
 <LI><a href="#[28]">GPDMA1_Channel1_IRQHandler</a> from stm32u5xx_it.o(.text.GPDMA1_Channel1_IRQHandler) referenced from startup_stm32u575xx.o(RESET)
 <LI><a href="#[29]">GPDMA1_Channel2_IRQHandler</a> from stm32u5xx_it.o(.text.GPDMA1_Channel2_IRQHandler) referenced from startup_stm32u575xx.o(RESET)
 <LI><a href="#[2a]">GPDMA1_Channel3_IRQHandler</a> from startup_stm32u575xx.o(.text) referenced from startup_stm32u575xx.o(RESET)
 <LI><a href="#[2b]">GPDMA1_Channel4_IRQHandler</a> from startup_stm32u575xx.o(.text) referenced from startup_stm32u575xx.o(RESET)
 <LI><a href="#[2c]">GPDMA1_Channel5_IRQHandler</a> from startup_stm32u575xx.o(.text) referenced from startup_stm32u575xx.o(RESET)
 <LI><a href="#[2d]">GPDMA1_Channel6_IRQHandler</a> from startup_stm32u575xx.o(.text) referenced from startup_stm32u575xx.o(RESET)
 <LI><a href="#[2e]">GPDMA1_Channel7_IRQHandler</a> from startup_stm32u575xx.o(.text) referenced from startup_stm32u575xx.o(RESET)
 <LI><a href="#[5a]">GPDMA1_Channel8_IRQHandler</a> from startup_stm32u575xx.o(.text) referenced from startup_stm32u575xx.o(RESET)
 <LI><a href="#[5b]">GPDMA1_Channel9_IRQHandler</a> from startup_stm32u575xx.o(.text) referenced from startup_stm32u575xx.o(RESET)
 <LI><a href="#[13]">GTZC_IRQHandler</a> from startup_stm32u575xx.o(.text) referenced from startup_stm32u575xx.o(RESET)
 <LI><a href="#[69]">HASH_IRQHandler</a> from startup_stm32u575xx.o(.text) referenced from startup_stm32u575xx.o(RESET)
 <LI><a href="#[2]">HardFault_Handler</a> from stm32u5xx_it.o(.text.HardFault_Handler) referenced from startup_stm32u575xx.o(RESET)
 <LI><a href="#[42]">I2C1_ER_IRQHandler</a> from startup_stm32u575xx.o(.text) referenced from startup_stm32u575xx.o(RESET)
 <LI><a href="#[41]">I2C1_EV_IRQHandler</a> from startup_stm32u575xx.o(.text) referenced from startup_stm32u575xx.o(RESET)
 <LI><a href="#[44]">I2C2_ER_IRQHandler</a> from stm32u5xx_it.o(.text.I2C2_ER_IRQHandler) referenced from startup_stm32u575xx.o(RESET)
 <LI><a href="#[43]">I2C2_EV_IRQHandler</a> from stm32u5xx_it.o(.text.I2C2_EV_IRQHandler) referenced from startup_stm32u575xx.o(RESET)
 <LI><a href="#[63]">I2C3_ER_IRQHandler</a> from startup_stm32u575xx.o(.text) referenced from startup_stm32u575xx.o(RESET)
 <LI><a href="#[62]">I2C3_EV_IRQHandler</a> from startup_stm32u575xx.o(.text) referenced from startup_stm32u575xx.o(RESET)
 <LI><a href="#[6c]">I2C4_ER_IRQHandler</a> from startup_stm32u575xx.o(.text) referenced from startup_stm32u575xx.o(RESET)
 <LI><a href="#[6d]">I2C4_EV_IRQHandler</a> from startup_stm32u575xx.o(.text) referenced from startup_stm32u575xx.o(RESET)
 <LI><a href="#[8d]">I2C_DMAAbort</a> from stm32u5xx_hal_i2c.o(.text.I2C_DMAAbort) referenced 2 times from stm32u5xx_hal_i2c.o(.text.HAL_I2C_Slave_Seq_Receive_IT)
 <LI><a href="#[8d]">I2C_DMAAbort</a> from stm32u5xx_hal_i2c.o(.text.I2C_DMAAbort) referenced 4 times from stm32u5xx_hal_i2c.o(.text.I2C_ITError)
 <LI><a href="#[8c]">I2C_Slave_ISR_IT</a> from stm32u5xx_hal_i2c.o(.text.I2C_Slave_ISR_IT) referenced 2 times from stm32u5xx_hal_i2c.o(.text.HAL_I2C_EnableListen_IT)
 <LI><a href="#[8c]">I2C_Slave_ISR_IT</a> from stm32u5xx_hal_i2c.o(.text.I2C_Slave_ISR_IT) referenced 2 times from stm32u5xx_hal_i2c.o(.text.HAL_I2C_Slave_Seq_Receive_IT)
 <LI><a href="#[8c]">I2C_Slave_ISR_IT</a> from stm32u5xx_hal_i2c.o(.text.I2C_Slave_ISR_IT) referenced 2 times from stm32u5xx_hal_i2c.o(.text.I2C_ITError)
 <LI><a href="#[73]">ICACHE_IRQHandler</a> from startup_stm32u575xx.o(.text) referenced from startup_stm32u575xx.o(RESET)
 <LI><a href="#[26]">IWDG_IRQHandler</a> from startup_stm32u575xx.o(.text) referenced from startup_stm32u575xx.o(RESET)
 <LI><a href="#[78]">LPDMA1_Channel0_IRQHandler</a> from startup_stm32u575xx.o(.text) referenced from startup_stm32u575xx.o(RESET)
 <LI><a href="#[79]">LPDMA1_Channel1_IRQHandler</a> from startup_stm32u575xx.o(.text) referenced from startup_stm32u575xx.o(RESET)
 <LI><a href="#[7a]">LPDMA1_Channel2_IRQHandler</a> from startup_stm32u575xx.o(.text) referenced from startup_stm32u575xx.o(RESET)
 <LI><a href="#[7b]">LPDMA1_Channel3_IRQHandler</a> from startup_stm32u575xx.o(.text) referenced from startup_stm32u575xx.o(RESET)
 <LI><a href="#[4d]">LPTIM1_IRQHandler</a> from startup_stm32u575xx.o(.text) referenced from startup_stm32u575xx.o(RESET)
 <LI><a href="#[4e]">LPTIM2_IRQHandler</a> from startup_stm32u575xx.o(.text) referenced from startup_stm32u575xx.o(RESET)
 <LI><a href="#[6a]">LPTIM3_IRQHandler</a> from startup_stm32u575xx.o(.text) referenced from startup_stm32u575xx.o(RESET)
 <LI><a href="#[74]">LPTIM4_IRQHandler</a> from startup_stm32u575xx.o(.text) referenced from startup_stm32u575xx.o(RESET)
 <LI><a href="#[4c]">LPUART1_IRQHandler</a> from startup_stm32u575xx.o(.text) referenced from startup_stm32u575xx.o(RESET)
 <LI><a href="#[83]">LSECSSD_IRQHandler</a> from startup_stm32u575xx.o(.text) referenced from startup_stm32u575xx.o(RESET)
 <LI><a href="#[6e]">MDF1_FLT0_IRQHandler</a> from startup_stm32u575xx.o(.text) referenced from startup_stm32u575xx.o(RESET)
 <LI><a href="#[6f]">MDF1_FLT1_IRQHandler</a> from startup_stm32u575xx.o(.text) referenced from startup_stm32u575xx.o(RESET)
 <LI><a href="#[70]">MDF1_FLT2_IRQHandler</a> from startup_stm32u575xx.o(.text) referenced from startup_stm32u575xx.o(RESET)
 <LI><a href="#[71]">MDF1_FLT3_IRQHandler</a> from startup_stm32u575xx.o(.text) referenced from startup_stm32u575xx.o(RESET)
 <LI><a href="#[7f]">MDF1_FLT4_IRQHandler</a> from startup_stm32u575xx.o(.text) referenced from startup_stm32u575xx.o(RESET)
 <LI><a href="#[80]">MDF1_FLT5_IRQHandler</a> from startup_stm32u575xx.o(.text) referenced from startup_stm32u575xx.o(RESET)
 <LI><a href="#[3]">MemManage_Handler</a> from stm32u5xx_it.o(.text.MemManage_Handler) referenced from startup_stm32u575xx.o(RESET)
 <LI><a href="#[1]">NMI_Handler</a> from stm32u5xx_it.o(.text.NMI_Handler) referenced from startup_stm32u575xx.o(RESET)
 <LI><a href="#[56]">OCTOSPI1_IRQHandler</a> from startup_stm32u575xx.o(.text) referenced from startup_stm32u575xx.o(RESET)
 <LI><a href="#[7e]">OCTOSPI2_IRQHandler</a> from startup_stm32u575xx.o(.text) referenced from startup_stm32u575xx.o(RESET)
 <LI><a href="#[53]">OTG_FS_IRQHandler</a> from startup_stm32u575xx.o(.text) referenced from startup_stm32u575xx.o(RESET)
 <LI><a href="#[c]">PVD_PVM_IRQHandler</a> from startup_stm32u575xx.o(.text) referenced from startup_stm32u575xx.o(RESET)
 <LI><a href="#[57]">PWR_S3WU_IRQHandler</a> from startup_stm32u575xx.o(.text) referenced from startup_stm32u575xx.o(RESET)
 <LI><a href="#[9]">PendSV_Handler</a> from portasm.o(.text.PendSV_Handler) referenced 2 times from port.o(.text.xPortStartScheduler)
 <LI><a href="#[9]">PendSV_Handler</a> from portasm.o(.text.PendSV_Handler) referenced from startup_stm32u575xx.o(RESET)
 <LI><a href="#[10]">RAMCFG_IRQHandler</a> from startup_stm32u575xx.o(.text) referenced from startup_stm32u575xx.o(RESET)
 <LI><a href="#[14]">RCC_IRQHandler</a> from startup_stm32u575xx.o(.text) referenced from startup_stm32u575xx.o(RESET)
 <LI><a href="#[15]">RCC_S_IRQHandler</a> from startup_stm32u575xx.o(.text) referenced from startup_stm32u575xx.o(RESET)
 <LI><a href="#[67]">RNG_IRQHandler</a> from startup_stm32u575xx.o(.text) referenced from startup_stm32u575xx.o(RESET)
 <LI><a href="#[d]">RTC_IRQHandler</a> from startup_stm32u575xx.o(.text) referenced from startup_stm32u575xx.o(RESET)
 <LI><a href="#[e]">RTC_S_IRQHandler</a> from startup_stm32u575xx.o(.text) referenced from startup_stm32u575xx.o(RESET)
 <LI><a href="#[0]">Reset_Handler</a> from startup_stm32u575xx.o(.text) referenced from startup_stm32u575xx.o(RESET)
 <LI><a href="#[64]">SAI1_IRQHandler</a> from startup_stm32u575xx.o(.text) referenced from startup_stm32u575xx.o(RESET)
 <LI><a href="#[65]">SAI2_IRQHandler</a> from startup_stm32u575xx.o(.text) referenced from startup_stm32u575xx.o(RESET)
 <LI><a href="#[58]">SDMMC1_IRQHandler</a> from startup_stm32u575xx.o(.text) referenced from startup_stm32u575xx.o(RESET)
 <LI><a href="#[59]">SDMMC2_IRQHandler</a> from startup_stm32u575xx.o(.text) referenced from startup_stm32u575xx.o(RESET)
 <LI><a href="#[45]">SPI1_IRQHandler</a> from stm32u5xx_it.o(.text.SPI1_IRQHandler) referenced from startup_stm32u575xx.o(RESET)
 <LI><a href="#[46]">SPI2_IRQHandler</a> from startup_stm32u575xx.o(.text) referenced from startup_stm32u575xx.o(RESET)
 <LI><a href="#[6b]">SPI3_IRQHandler</a> from stm32u5xx_it.o(.text.SPI3_IRQHandler) referenced from startup_stm32u575xx.o(RESET)
 <LI><a href="#[8e]">SPI_DMAAbortOnError</a> from stm32u5xx_hal_spi.o(.text.SPI_DMAAbortOnError) referenced 2 times from stm32u5xx_hal_spi.o(.text.HAL_SPI_IRQHandler)
 <LI><a href="#[7]">SVC_Handler</a> from portasm.o(.text.SVC_Handler) referenced 2 times from port.o(.text.xPortStartScheduler)
 <LI><a href="#[7]">SVC_Handler</a> from portasm.o(.text.SVC_Handler) referenced from startup_stm32u575xx.o(RESET)
 <LI><a href="#[6]">SecureFault_Handler</a> from startup_stm32u575xx.o(.text) referenced from startup_stm32u575xx.o(RESET)
 <LI><a href="#[92]">StartAlgoTask</a> from app_freertos.o(.text.StartAlgoTask) referenced 2 times from app_freertos.o(.text.MX_FREERTOS_Init)
 <LI><a href="#[95]">StartDataStreamTask</a> from app_freertos.o(.text.StartDataStreamTask) referenced 2 times from app_freertos.o(.text.MX_FREERTOS_Init)
 <LI><a href="#[98]">StartDebugTask</a> from app_freertos.o(.text.StartDebugTask) referenced 2 times from app_freertos.o(.text.MX_FREERTOS_Init)
 <LI><a href="#[90]">StartDefaultTask</a> from app_freertos.o(.text.StartDefaultTask) referenced 2 times from app_freertos.o(.text.MX_FREERTOS_Init)
 <LI><a href="#[97]">StartDisplayTask</a> from app_freertos.o(.text.StartDisplayTask) referenced 2 times from app_freertos.o(.text.MX_FREERTOS_Init)
 <LI><a href="#[93]">StartEmgTask</a> from app_freertos.o(.text.StartEmgTask) referenced 2 times from app_freertos.o(.text.MX_FREERTOS_Init)
 <LI><a href="#[91]">StartSensorTask</a> from app_freertos.o(.text.StartSensorTask) referenced 2 times from app_freertos.o(.text.MX_FREERTOS_Init)
 <LI><a href="#[96]">StartUiTask</a> from app_freertos.o(.text.StartUiTask) referenced 2 times from app_freertos.o(.text.MX_FREERTOS_Init)
 <LI><a href="#[94]">StartWirelessTask</a> from app_freertos.o(.text.StartWirelessTask) referenced 2 times from app_freertos.o(.text.MX_FREERTOS_Init)
 <LI><a href="#[a]">SysTick_Handler</a> from cmsis_os2.o(.text.SysTick_Handler) referenced from startup_stm32u575xx.o(RESET)
 <LI><a href="#[84]">SystemInit</a> from system_stm32u5xx.o(.text.SystemInit) referenced from startup_stm32u575xx.o(.text)
 <LI><a href="#[f]">TAMP_IRQHandler</a> from startup_stm32u575xx.o(.text) referenced from startup_stm32u575xx.o(RESET)
 <LI><a href="#[4f]">TIM15_IRQHandler</a> from startup_stm32u575xx.o(.text) referenced from startup_stm32u575xx.o(RESET)
 <LI><a href="#[50]">TIM16_IRQHandler</a> from startup_stm32u575xx.o(.text) referenced from startup_stm32u575xx.o(RESET)
 <LI><a href="#[51]">TIM17_IRQHandler</a> from stm32u5xx_it.o(.text.TIM17_IRQHandler) referenced from startup_stm32u575xx.o(RESET)
 <LI><a href="#[33]">TIM1_BRK_IRQHandler</a> from startup_stm32u575xx.o(.text) referenced from startup_stm32u575xx.o(RESET)
 <LI><a href="#[36]">TIM1_CC_IRQHandler</a> from startup_stm32u575xx.o(.text) referenced from startup_stm32u575xx.o(RESET)
 <LI><a href="#[35]">TIM1_TRG_COM_IRQHandler</a> from startup_stm32u575xx.o(.text) referenced from startup_stm32u575xx.o(RESET)
 <LI><a href="#[34]">TIM1_UP_IRQHandler</a> from startup_stm32u575xx.o(.text) referenced from startup_stm32u575xx.o(RESET)
 <LI><a href="#[37]">TIM2_IRQHandler</a> from startup_stm32u575xx.o(.text) referenced from startup_stm32u575xx.o(RESET)
 <LI><a href="#[38]">TIM3_IRQHandler</a> from startup_stm32u575xx.o(.text) referenced from startup_stm32u575xx.o(RESET)
 <LI><a href="#[39]">TIM4_IRQHandler</a> from startup_stm32u575xx.o(.text) referenced from startup_stm32u575xx.o(RESET)
 <LI><a href="#[3a]">TIM5_IRQHandler</a> from startup_stm32u575xx.o(.text) referenced from startup_stm32u575xx.o(RESET)
 <LI><a href="#[3b]">TIM6_IRQHandler</a> from startup_stm32u575xx.o(.text) referenced from startup_stm32u575xx.o(RESET)
 <LI><a href="#[3c]">TIM7_IRQHandler</a> from startup_stm32u575xx.o(.text) referenced from startup_stm32u575xx.o(RESET)
 <LI><a href="#[3d]">TIM8_BRK_IRQHandler</a> from startup_stm32u575xx.o(.text) referenced from startup_stm32u575xx.o(RESET)
 <LI><a href="#[40]">TIM8_CC_IRQHandler</a> from startup_stm32u575xx.o(.text) referenced from startup_stm32u575xx.o(RESET)
 <LI><a href="#[3f]">TIM8_TRG_COM_IRQHandler</a> from startup_stm32u575xx.o(.text) referenced from startup_stm32u575xx.o(RESET)
 <LI><a href="#[3e]">TIM8_UP_IRQHandler</a> from startup_stm32u575xx.o(.text) referenced from startup_stm32u575xx.o(RESET)
 <LI><a href="#[66]">TSC_IRQHandler</a> from startup_stm32u575xx.o(.text) referenced from startup_stm32u575xx.o(RESET)
 <LI><a href="#[4a]">UART4_IRQHandler</a> from stm32u5xx_it.o(.text.UART4_IRQHandler) referenced from startup_stm32u575xx.o(RESET)
 <LI><a href="#[4b]">UART5_IRQHandler</a> from startup_stm32u575xx.o(.text) referenced from startup_stm32u575xx.o(RESET)
 <LI><a href="#[8f]">UART_DMAAbortOnError</a> from stm32u5xx_hal_uart.o(.text.UART_DMAAbortOnError) referenced 2 times from stm32u5xx_hal_uart.o(.text.HAL_UART_IRQHandler)
 <LI><a href="#[9a]">UART_RxISR_16BIT</a> from stm32u5xx_hal_uart.o(.text.UART_RxISR_16BIT) referenced 2 times from stm32u5xx_hal_uart.o(.text.UART_RxISR_16BIT_FIFOEN)
 <LI><a href="#[9a]">UART_RxISR_16BIT</a> from stm32u5xx_hal_uart.o(.text.UART_RxISR_16BIT) referenced 2 times from stm32u5xx_hal_uart.o(.text.UART_Start_Receive_IT)
 <LI><a href="#[9d]">UART_RxISR_16BIT_FIFOEN</a> from stm32u5xx_hal_uart.o(.text.UART_RxISR_16BIT_FIFOEN) referenced 2 times from stm32u5xx_hal_uart.o(.text.UART_Start_Receive_IT)
 <LI><a href="#[9b]">UART_RxISR_8BIT</a> from stm32u5xx_hal_uart.o(.text.UART_RxISR_8BIT) referenced 2 times from stm32u5xx_hal_uart.o(.text.UART_RxISR_8BIT_FIFOEN)
 <LI><a href="#[9b]">UART_RxISR_8BIT</a> from stm32u5xx_hal_uart.o(.text.UART_RxISR_8BIT) referenced 4 times from stm32u5xx_hal_uart.o(.text.UART_Start_Receive_IT)
 <LI><a href="#[9c]">UART_RxISR_8BIT_FIFOEN</a> from stm32u5xx_hal_uart.o(.text.UART_RxISR_8BIT_FIFOEN) referenced 4 times from stm32u5xx_hal_uart.o(.text.UART_Start_Receive_IT)
 <LI><a href="#[72]">UCPD1_IRQHandler</a> from startup_stm32u575xx.o(.text) referenced from startup_stm32u575xx.o(RESET)
 <LI><a href="#[47]">USART1_IRQHandler</a> from stm32u5xx_it.o(.text.USART1_IRQHandler) referenced from startup_stm32u575xx.o(RESET)
 <LI><a href="#[48]">USART2_IRQHandler</a> from stm32u5xx_it.o(.text.USART2_IRQHandler) referenced from startup_stm32u575xx.o(RESET)
 <LI><a href="#[49]">USART3_IRQHandler</a> from startup_stm32u575xx.o(.text) referenced from startup_stm32u575xx.o(RESET)
 <LI><a href="#[5]">UsageFault_Handler</a> from stm32u5xx_it.o(.text.UsageFault_Handler) referenced from startup_stm32u575xx.o(RESET)
 <LI><a href="#[b]">WWDG_IRQHandler</a> from startup_stm32u575xx.o(.text) referenced from startup_stm32u575xx.o(RESET)
 <LI><a href="#[85]">__main</a> from __main.o(!!!main) referenced from startup_stm32u575xx.o(.text)
 <LI><a href="#[87]">_printf_input_char</a> from _printf_char_common.o(.text) referenced from _printf_char_common.o(.text)
 <LI><a href="#[86]">_snputc</a> from _snputc.o(.text) referenced from __2snprintf.o(.text)
 <LI><a href="#[88]">fputc</a> from usart.o(.text.fputc) referenced from _printf_char_file.o(.text)
 <LI><a href="#[9f]">prvIdleTask</a> from tasks.o(.text.prvIdleTask) referenced 2 times from tasks.o(.text.vTaskStartScheduler)
 <LI><a href="#[9e]">prvTaskExitError</a> from port.o(.text.prvTaskExitError) referenced 2 times from port.o(.text.pxPortInitialiseStack)
 <LI><a href="#[a0]">prvTimerTask</a> from timers.o(.text.prvTimerTask) referenced 2 times from timers.o(.text.xTimerCreateTimerTask)
 <LI><a href="#[99]">vPortSVCHandler_C</a> from port.o(.text.vPortSVCHandler_C) referenced from portasm.o(.text.SVC_Handler)
</UL>
<P>
<H3>
Global Symbols
</H3>
<P><STRONG><a name="[85]"></a>__main</STRONG> (Thumb, 8 bytes, Stack size 0 bytes, __main.o(!!!main))
<BR><BR>[Calls]<UL><LI><a href="#[a3]">&gt;&gt;</a>&nbsp;&nbsp;&nbsp;__rt_entry
<LI><a href="#[a2]">&gt;&gt;</a>&nbsp;&nbsp;&nbsp;__scatterload
</UL>
<BR>[Address Reference Count : 1]<UL><LI> startup_stm32u575xx.o(.text)
</UL>
<P><STRONG><a name="[a2]"></a>__scatterload</STRONG> (Thumb, 0 bytes, Stack size unknown bytes, __scatter.o(!!!scatter))
<BR><BR>[Called By]<UL><LI><a href="#[85]">&gt;&gt;</a>&nbsp;&nbsp;&nbsp;__main
</UL>

<P><STRONG><a name="[a4]"></a>__scatterload_rt2</STRONG> (Thumb, 84 bytes, Stack size unknown bytes, __scatter.o(!!!scatter), UNUSED)
<BR><BR>[Calls]<UL><LI><a href="#[a3]">&gt;&gt;</a>&nbsp;&nbsp;&nbsp;__rt_entry
</UL>

<P><STRONG><a name="[1dd]"></a>__scatterload_rt2_thumb_only</STRONG> (Thumb, 0 bytes, Stack size unknown bytes, __scatter.o(!!!scatter), UNUSED)

<P><STRONG><a name="[1de]"></a>__scatterload_loop</STRONG> (Thumb, 0 bytes, Stack size unknown bytes, __scatter.o(!!!scatter), UNUSED)

<P><STRONG><a name="[a5]"></a>__scatterload_copy</STRONG> (Thumb, 26 bytes, Stack size unknown bytes, __scatter_copy.o(!!handler_copy), UNUSED)
<BR><BR>[Calls]<UL><LI><a href="#[a5]">&gt;&gt;</a>&nbsp;&nbsp;&nbsp;__scatterload_copy
</UL>
<BR>[Called By]<UL><LI><a href="#[a5]">&gt;&gt;</a>&nbsp;&nbsp;&nbsp;__scatterload_copy
</UL>

<P><STRONG><a name="[1df]"></a>__scatterload_null</STRONG> (Thumb, 2 bytes, Stack size unknown bytes, __scatter.o(!!handler_null), UNUSED)

<P><STRONG><a name="[1e0]"></a>__scatterload_zeroinit</STRONG> (Thumb, 28 bytes, Stack size unknown bytes, __scatter_zi.o(!!handler_zi), UNUSED)

<P><STRONG><a name="[a6]"></a>_printf_d</STRONG> (Thumb, 0 bytes, Stack size unknown bytes, _printf_d.o(.ARM.Collect$$_printf_percent$$00000009))
<BR><BR>[Stack]<UL><LI>Max Depth = 72 + Unknown Stack Size
<LI>Call Chain = _printf_d &rArr; _printf_int_dec &rArr; _printf_int_common &rArr; _printf_post_padding
</UL>
<BR>[Calls]<UL><LI><a href="#[a7]">&gt;&gt;</a>&nbsp;&nbsp;&nbsp;_printf_int_dec
</UL>

<P><STRONG><a name="[c6]"></a>_printf_percent</STRONG> (Thumb, 0 bytes, Stack size unknown bytes, _printf_percent.o(.ARM.Collect$$_printf_percent$$00000000))
<BR><BR>[Called By]<UL><LI><a href="#[c4]">&gt;&gt;</a>&nbsp;&nbsp;&nbsp;__printf
</UL>

<P><STRONG><a name="[a8]"></a>_printf_u</STRONG> (Thumb, 0 bytes, Stack size unknown bytes, _printf_u.o(.ARM.Collect$$_printf_percent$$0000000A))
<BR><BR>[Stack]<UL><LI>Max Depth = 72 + Unknown Stack Size
<LI>Call Chain = _printf_u &rArr; _printf_int_dec &rArr; _printf_int_common &rArr; _printf_post_padding
</UL>
<BR>[Calls]<UL><LI><a href="#[a7]">&gt;&gt;</a>&nbsp;&nbsp;&nbsp;_printf_int_dec
</UL>

<P><STRONG><a name="[a9]"></a>_printf_x</STRONG> (Thumb, 0 bytes, Stack size unknown bytes, _printf_x.o(.ARM.Collect$$_printf_percent$$0000000C))
<BR><BR>[Stack]<UL><LI>Max Depth = 64 + Unknown Stack Size
<LI>Call Chain = _printf_x &rArr; _printf_int_hex &rArr; _printf_int_common &rArr; _printf_post_padding
</UL>
<BR>[Calls]<UL><LI><a href="#[aa]">&gt;&gt;</a>&nbsp;&nbsp;&nbsp;_printf_int_hex
</UL>

<P><STRONG><a name="[ab]"></a>_printf_c</STRONG> (Thumb, 0 bytes, Stack size unknown bytes, _printf_c.o(.ARM.Collect$$_printf_percent$$00000013))
<BR><BR>[Stack]<UL><LI>Max Depth = 40 + Unknown Stack Size
<LI>Call Chain = _printf_c &rArr; _printf_char &rArr; _printf_cs_common &rArr; _printf_str &rArr; _printf_post_padding
</UL>
<BR>[Calls]<UL><LI><a href="#[ac]">&gt;&gt;</a>&nbsp;&nbsp;&nbsp;_printf_char
</UL>

<P><STRONG><a name="[ad]"></a>_printf_s</STRONG> (Thumb, 0 bytes, Stack size unknown bytes, _printf_s.o(.ARM.Collect$$_printf_percent$$00000014))
<BR><BR>[Stack]<UL><LI>Max Depth = 40 + Unknown Stack Size
<LI>Call Chain = _printf_s &rArr; _printf_string &rArr; _printf_cs_common &rArr; _printf_str &rArr; _printf_post_padding
</UL>
<BR>[Calls]<UL><LI><a href="#[ae]">&gt;&gt;</a>&nbsp;&nbsp;&nbsp;_printf_string
</UL>

<P><STRONG><a name="[1e1]"></a>_printf_percent_end</STRONG> (Thumb, 0 bytes, Stack size unknown bytes, _printf_percent_end.o(.ARM.Collect$$_printf_percent$$00000017))

<P><STRONG><a name="[b4]"></a>__rt_lib_init</STRONG> (Thumb, 0 bytes, Stack size unknown bytes, libinit.o(.ARM.Collect$$libinit$$00000000))
<BR><BR>[Called By]<UL><LI><a href="#[b3]">&gt;&gt;</a>&nbsp;&nbsp;&nbsp;__rt_entry_li
</UL>

<P><STRONG><a name="[af]"></a>__rt_lib_init_fp_1</STRONG> (Thumb, 0 bytes, Stack size unknown bytes, libinit2.o(.ARM.Collect$$libinit$$00000001))
<BR><BR>[Calls]<UL><LI><a href="#[b0]">&gt;&gt;</a>&nbsp;&nbsp;&nbsp;_fp_init
</UL>

<P><STRONG><a name="[1e2]"></a>__rt_lib_init_alloca_1</STRONG> (Thumb, 0 bytes, Stack size unknown bytes, libinit2.o(.ARM.Collect$$libinit$$00000030))

<P><STRONG><a name="[1e3]"></a>__rt_lib_init_argv_1</STRONG> (Thumb, 0 bytes, Stack size unknown bytes, libinit2.o(.ARM.Collect$$libinit$$0000002E))

<P><STRONG><a name="[1e4]"></a>__rt_lib_init_atexit_1</STRONG> (Thumb, 0 bytes, Stack size unknown bytes, libinit2.o(.ARM.Collect$$libinit$$0000001D))

<P><STRONG><a name="[1e5]"></a>__rt_lib_init_clock_1</STRONG> (Thumb, 0 bytes, Stack size unknown bytes, libinit2.o(.ARM.Collect$$libinit$$00000023))

<P><STRONG><a name="[1e6]"></a>__rt_lib_init_cpp_1</STRONG> (Thumb, 0 bytes, Stack size unknown bytes, libinit2.o(.ARM.Collect$$libinit$$00000034))

<P><STRONG><a name="[1e7]"></a>__rt_lib_init_exceptions_1</STRONG> (Thumb, 0 bytes, Stack size unknown bytes, libinit2.o(.ARM.Collect$$libinit$$00000032))

<P><STRONG><a name="[1e8]"></a>__rt_lib_init_fp_trap_1</STRONG> (Thumb, 0 bytes, Stack size unknown bytes, libinit2.o(.ARM.Collect$$libinit$$00000021))

<P><STRONG><a name="[1e9]"></a>__rt_lib_init_getenv_1</STRONG> (Thumb, 0 bytes, Stack size unknown bytes, libinit2.o(.ARM.Collect$$libinit$$00000025))

<P><STRONG><a name="[1ea]"></a>__rt_lib_init_heap_1</STRONG> (Thumb, 0 bytes, Stack size unknown bytes, libinit2.o(.ARM.Collect$$libinit$$0000000C))

<P><STRONG><a name="[1eb]"></a>__rt_lib_init_lc_collate_1</STRONG> (Thumb, 0 bytes, Stack size unknown bytes, libinit2.o(.ARM.Collect$$libinit$$00000013))

<P><STRONG><a name="[1ec]"></a>__rt_lib_init_lc_ctype_1</STRONG> (Thumb, 0 bytes, Stack size unknown bytes, libinit2.o(.ARM.Collect$$libinit$$00000015))

<P><STRONG><a name="[1ed]"></a>__rt_lib_init_lc_monetary_1</STRONG> (Thumb, 0 bytes, Stack size unknown bytes, libinit2.o(.ARM.Collect$$libinit$$00000017))

<P><STRONG><a name="[1ee]"></a>__rt_lib_init_lc_numeric_1</STRONG> (Thumb, 0 bytes, Stack size unknown bytes, libinit2.o(.ARM.Collect$$libinit$$00000019))

<P><STRONG><a name="[1ef]"></a>__rt_lib_init_lc_time_1</STRONG> (Thumb, 0 bytes, Stack size unknown bytes, libinit2.o(.ARM.Collect$$libinit$$0000001B))

<P><STRONG><a name="[1f0]"></a>__rt_lib_init_preinit_1</STRONG> (Thumb, 0 bytes, Stack size unknown bytes, libinit2.o(.ARM.Collect$$libinit$$00000006))

<P><STRONG><a name="[1f1]"></a>__rt_lib_init_rand_1</STRONG> (Thumb, 0 bytes, Stack size unknown bytes, libinit2.o(.ARM.Collect$$libinit$$00000010))

<P><STRONG><a name="[1f2]"></a>__rt_lib_init_relocate_pie_1</STRONG> (Thumb, 0 bytes, Stack size unknown bytes, libinit2.o(.ARM.Collect$$libinit$$00000004))

<P><STRONG><a name="[1f3]"></a>__rt_lib_init_return</STRONG> (Thumb, 0 bytes, Stack size unknown bytes, libinit2.o(.ARM.Collect$$libinit$$00000035))

<P><STRONG><a name="[1f4]"></a>__rt_lib_init_signal_1</STRONG> (Thumb, 0 bytes, Stack size unknown bytes, libinit2.o(.ARM.Collect$$libinit$$0000001F))

<P><STRONG><a name="[1f5]"></a>__rt_lib_init_stdio_1</STRONG> (Thumb, 0 bytes, Stack size unknown bytes, libinit2.o(.ARM.Collect$$libinit$$00000027))

<P><STRONG><a name="[1f6]"></a>__rt_lib_init_user_alloc_1</STRONG> (Thumb, 0 bytes, Stack size unknown bytes, libinit2.o(.ARM.Collect$$libinit$$0000000E))

<P><STRONG><a name="[b9]"></a>__rt_lib_shutdown</STRONG> (Thumb, 0 bytes, Stack size unknown bytes, libshutdown.o(.ARM.Collect$$libshutdown$$00000000))
<BR><BR>[Called By]<UL><LI><a href="#[b8]">&gt;&gt;</a>&nbsp;&nbsp;&nbsp;__rt_exit_ls
</UL>

<P><STRONG><a name="[1f7]"></a>__rt_lib_shutdown_cpp_1</STRONG> (Thumb, 0 bytes, Stack size unknown bytes, libshutdown2.o(.ARM.Collect$$libshutdown$$00000002))

<P><STRONG><a name="[1f8]"></a>__rt_lib_shutdown_fp_trap_1</STRONG> (Thumb, 0 bytes, Stack size unknown bytes, libshutdown2.o(.ARM.Collect$$libshutdown$$00000007))

<P><STRONG><a name="[1f9]"></a>__rt_lib_shutdown_heap_1</STRONG> (Thumb, 0 bytes, Stack size unknown bytes, libshutdown2.o(.ARM.Collect$$libshutdown$$0000000F))

<P><STRONG><a name="[1fa]"></a>__rt_lib_shutdown_return</STRONG> (Thumb, 0 bytes, Stack size unknown bytes, libshutdown2.o(.ARM.Collect$$libshutdown$$00000010))

<P><STRONG><a name="[1fb]"></a>__rt_lib_shutdown_signal_1</STRONG> (Thumb, 0 bytes, Stack size unknown bytes, libshutdown2.o(.ARM.Collect$$libshutdown$$0000000A))

<P><STRONG><a name="[1fc]"></a>__rt_lib_shutdown_stdio_1</STRONG> (Thumb, 0 bytes, Stack size unknown bytes, libshutdown2.o(.ARM.Collect$$libshutdown$$00000004))

<P><STRONG><a name="[1fd]"></a>__rt_lib_shutdown_user_alloc_1</STRONG> (Thumb, 0 bytes, Stack size unknown bytes, libshutdown2.o(.ARM.Collect$$libshutdown$$0000000C))

<P><STRONG><a name="[a3]"></a>__rt_entry</STRONG> (Thumb, 0 bytes, Stack size unknown bytes, __rtentry.o(.ARM.Collect$$rtentry$$00000000))
<BR><BR>[Called By]<UL><LI><a href="#[85]">&gt;&gt;</a>&nbsp;&nbsp;&nbsp;__main
<LI><a href="#[a4]">&gt;&gt;</a>&nbsp;&nbsp;&nbsp;__scatterload_rt2
</UL>

<P><STRONG><a name="[1fe]"></a>__rt_entry_presh_1</STRONG> (Thumb, 0 bytes, Stack size unknown bytes, __rtentry2.o(.ARM.Collect$$rtentry$$00000002))

<P><STRONG><a name="[b1]"></a>__rt_entry_sh</STRONG> (Thumb, 0 bytes, Stack size unknown bytes, __rtentry4.o(.ARM.Collect$$rtentry$$00000004))
<BR><BR>[Stack]<UL><LI>Max Depth = 8 + Unknown Stack Size
<LI>Call Chain = __rt_entry_sh &rArr; __user_setup_stackheap
</UL>
<BR>[Calls]<UL><LI><a href="#[b2]">&gt;&gt;</a>&nbsp;&nbsp;&nbsp;__user_setup_stackheap
</UL>

<P><STRONG><a name="[b3]"></a>__rt_entry_li</STRONG> (Thumb, 0 bytes, Stack size unknown bytes, __rtentry2.o(.ARM.Collect$$rtentry$$0000000A))
<BR><BR>[Calls]<UL><LI><a href="#[b4]">&gt;&gt;</a>&nbsp;&nbsp;&nbsp;__rt_lib_init
</UL>

<P><STRONG><a name="[1ff]"></a>__rt_entry_postsh_1</STRONG> (Thumb, 0 bytes, Stack size unknown bytes, __rtentry2.o(.ARM.Collect$$rtentry$$00000009))

<P><STRONG><a name="[b5]"></a>__rt_entry_main</STRONG> (Thumb, 0 bytes, Stack size unknown bytes, __rtentry2.o(.ARM.Collect$$rtentry$$0000000D))
<BR><BR>[Stack]<UL><LI>Max Depth = 628 + Unknown Stack Size
<LI>Call Chain = __rt_entry_main &rArr; main &rArr; MX_ADC1_Init &rArr; HAL_ADC_Init &rArr; HAL_ADC_MspInit &rArr; HAL_DMAEx_List_InsertNode &rArr; DMA_List_FindNode
</UL>
<BR>[Calls]<UL><LI><a href="#[b6]">&gt;&gt;</a>&nbsp;&nbsp;&nbsp;main
<LI><a href="#[b7]">&gt;&gt;</a>&nbsp;&nbsp;&nbsp;exit
</UL>

<P><STRONG><a name="[200]"></a>__rt_entry_postli_1</STRONG> (Thumb, 0 bytes, Stack size unknown bytes, __rtentry2.o(.ARM.Collect$$rtentry$$0000000C))

<P><STRONG><a name="[d4]"></a>__rt_exit</STRONG> (Thumb, 0 bytes, Stack size unknown bytes, rtexit.o(.ARM.Collect$$rtexit$$00000000))
<BR><BR>[Called By]<UL><LI><a href="#[b7]">&gt;&gt;</a>&nbsp;&nbsp;&nbsp;exit
</UL>

<P><STRONG><a name="[b8]"></a>__rt_exit_ls</STRONG> (Thumb, 0 bytes, Stack size unknown bytes, rtexit2.o(.ARM.Collect$$rtexit$$00000003))
<BR><BR>[Calls]<UL><LI><a href="#[b9]">&gt;&gt;</a>&nbsp;&nbsp;&nbsp;__rt_lib_shutdown
</UL>

<P><STRONG><a name="[201]"></a>__rt_exit_prels_1</STRONG> (Thumb, 0 bytes, Stack size unknown bytes, rtexit2.o(.ARM.Collect$$rtexit$$00000002))

<P><STRONG><a name="[ba]"></a>__rt_exit_exit</STRONG> (Thumb, 0 bytes, Stack size unknown bytes, rtexit2.o(.ARM.Collect$$rtexit$$00000004))
<BR><BR>[Calls]<UL><LI><a href="#[bb]">&gt;&gt;</a>&nbsp;&nbsp;&nbsp;_sys_exit
</UL>

<P><STRONG><a name="[0]"></a>Reset_Handler</STRONG> (Thumb, 8 bytes, Stack size 0 bytes, startup_stm32u575xx.o(.text))
<BR>[Address Reference Count : 1]<UL><LI> startup_stm32u575xx.o(RESET)
</UL>
<P><STRONG><a name="[6]"></a>SecureFault_Handler</STRONG> (Thumb, 2 bytes, Stack size 0 bytes, startup_stm32u575xx.o(.text))
<BR><BR>[Calls]<UL><LI><a href="#[6]">&gt;&gt;</a>&nbsp;&nbsp;&nbsp;SecureFault_Handler
</UL>
<BR>[Called By]<UL><LI><a href="#[6]">&gt;&gt;</a>&nbsp;&nbsp;&nbsp;SecureFault_Handler
</UL>
<BR>[Address Reference Count : 1]<UL><LI> startup_stm32u575xx.o(RESET)
</UL>
<P><STRONG><a name="[2f]"></a>ADC1_IRQHandler</STRONG> (Thumb, 0 bytes, Stack size 0 bytes, startup_stm32u575xx.o(.text))
<BR><BR>[Calls]<UL><LI><a href="#[2f]">&gt;&gt;</a>&nbsp;&nbsp;&nbsp;ADC1_IRQHandler
</UL>
<BR>[Called By]<UL><LI><a href="#[2f]">&gt;&gt;</a>&nbsp;&nbsp;&nbsp;ADC1_IRQHandler
</UL>
<BR>[Address Reference Count : 1]<UL><LI> startup_stm32u575xx.o(RESET)
</UL>
<P><STRONG><a name="[77]"></a>ADC4_IRQHandler</STRONG> (Thumb, 0 bytes, Stack size 0 bytes, startup_stm32u575xx.o(.text))
<BR>[Address Reference Count : 1]<UL><LI> startup_stm32u575xx.o(RESET)
</UL>
<P><STRONG><a name="[76]"></a>ADF1_IRQHandler</STRONG> (Thumb, 0 bytes, Stack size 0 bytes, startup_stm32u575xx.o(.text))
<BR>[Address Reference Count : 1]<UL><LI> startup_stm32u575xx.o(RESET)
</UL>
<P><STRONG><a name="[52]"></a>COMP_IRQHandler</STRONG> (Thumb, 0 bytes, Stack size 0 bytes, startup_stm32u575xx.o(.text))
<BR>[Address Reference Count : 1]<UL><LI> startup_stm32u575xx.o(RESET)
</UL>
<P><STRONG><a name="[81]"></a>CORDIC_IRQHandler</STRONG> (Thumb, 0 bytes, Stack size 0 bytes, startup_stm32u575xx.o(.text))
<BR>[Address Reference Count : 1]<UL><LI> startup_stm32u575xx.o(RESET)
</UL>
<P><STRONG><a name="[54]"></a>CRS_IRQHandler</STRONG> (Thumb, 0 bytes, Stack size 0 bytes, startup_stm32u575xx.o(.text))
<BR>[Address Reference Count : 1]<UL><LI> startup_stm32u575xx.o(RESET)
</UL>
<P><STRONG><a name="[30]"></a>DAC1_IRQHandler</STRONG> (Thumb, 0 bytes, Stack size 0 bytes, startup_stm32u575xx.o(.text))
<BR>[Address Reference Count : 1]<UL><LI> startup_stm32u575xx.o(RESET)
</UL>
<P><STRONG><a name="[75]"></a>DCACHE1_IRQHandler</STRONG> (Thumb, 0 bytes, Stack size 0 bytes, startup_stm32u575xx.o(.text))
<BR>[Address Reference Count : 1]<UL><LI> startup_stm32u575xx.o(RESET)
</UL>
<P><STRONG><a name="[7d]"></a>DCMI_PSSI_IRQHandler</STRONG> (Thumb, 0 bytes, Stack size 0 bytes, startup_stm32u575xx.o(.text))
<BR>[Address Reference Count : 1]<UL><LI> startup_stm32u575xx.o(RESET)
</UL>
<P><STRONG><a name="[7c]"></a>DMA2D_IRQHandler</STRONG> (Thumb, 0 bytes, Stack size 0 bytes, startup_stm32u575xx.o(.text))
<BR>[Address Reference Count : 1]<UL><LI> startup_stm32u575xx.o(RESET)
</UL>
<P><STRONG><a name="[16]"></a>EXTI0_IRQHandler</STRONG> (Thumb, 0 bytes, Stack size 0 bytes, startup_stm32u575xx.o(.text))
<BR>[Address Reference Count : 1]<UL><LI> startup_stm32u575xx.o(RESET)
</UL>
<P><STRONG><a name="[20]"></a>EXTI10_IRQHandler</STRONG> (Thumb, 0 bytes, Stack size 0 bytes, startup_stm32u575xx.o(.text))
<BR>[Address Reference Count : 1]<UL><LI> startup_stm32u575xx.o(RESET)
</UL>
<P><STRONG><a name="[21]"></a>EXTI11_IRQHandler</STRONG> (Thumb, 0 bytes, Stack size 0 bytes, startup_stm32u575xx.o(.text))
<BR>[Address Reference Count : 1]<UL><LI> startup_stm32u575xx.o(RESET)
</UL>
<P><STRONG><a name="[22]"></a>EXTI12_IRQHandler</STRONG> (Thumb, 0 bytes, Stack size 0 bytes, startup_stm32u575xx.o(.text))
<BR>[Address Reference Count : 1]<UL><LI> startup_stm32u575xx.o(RESET)
</UL>
<P><STRONG><a name="[23]"></a>EXTI13_IRQHandler</STRONG> (Thumb, 0 bytes, Stack size 0 bytes, startup_stm32u575xx.o(.text))
<BR>[Address Reference Count : 1]<UL><LI> startup_stm32u575xx.o(RESET)
</UL>
<P><STRONG><a name="[24]"></a>EXTI14_IRQHandler</STRONG> (Thumb, 0 bytes, Stack size 0 bytes, startup_stm32u575xx.o(.text))
<BR>[Address Reference Count : 1]<UL><LI> startup_stm32u575xx.o(RESET)
</UL>
<P><STRONG><a name="[25]"></a>EXTI15_IRQHandler</STRONG> (Thumb, 0 bytes, Stack size 0 bytes, startup_stm32u575xx.o(.text))
<BR>[Address Reference Count : 1]<UL><LI> startup_stm32u575xx.o(RESET)
</UL>
<P><STRONG><a name="[17]"></a>EXTI1_IRQHandler</STRONG> (Thumb, 0 bytes, Stack size 0 bytes, startup_stm32u575xx.o(.text))
<BR>[Address Reference Count : 1]<UL><LI> startup_stm32u575xx.o(RESET)
</UL>
<P><STRONG><a name="[18]"></a>EXTI2_IRQHandler</STRONG> (Thumb, 0 bytes, Stack size 0 bytes, startup_stm32u575xx.o(.text))
<BR>[Address Reference Count : 1]<UL><LI> startup_stm32u575xx.o(RESET)
</UL>
<P><STRONG><a name="[19]"></a>EXTI3_IRQHandler</STRONG> (Thumb, 0 bytes, Stack size 0 bytes, startup_stm32u575xx.o(.text))
<BR>[Address Reference Count : 1]<UL><LI> startup_stm32u575xx.o(RESET)
</UL>
<P><STRONG><a name="[1a]"></a>EXTI4_IRQHandler</STRONG> (Thumb, 0 bytes, Stack size 0 bytes, startup_stm32u575xx.o(.text))
<BR>[Address Reference Count : 1]<UL><LI> startup_stm32u575xx.o(RESET)
</UL>
<P><STRONG><a name="[1b]"></a>EXTI5_IRQHandler</STRONG> (Thumb, 0 bytes, Stack size 0 bytes, startup_stm32u575xx.o(.text))
<BR>[Address Reference Count : 1]<UL><LI> startup_stm32u575xx.o(RESET)
</UL>
<P><STRONG><a name="[1c]"></a>EXTI6_IRQHandler</STRONG> (Thumb, 0 bytes, Stack size 0 bytes, startup_stm32u575xx.o(.text))
<BR>[Address Reference Count : 1]<UL><LI> startup_stm32u575xx.o(RESET)
</UL>
<P><STRONG><a name="[1d]"></a>EXTI7_IRQHandler</STRONG> (Thumb, 0 bytes, Stack size 0 bytes, startup_stm32u575xx.o(.text))
<BR>[Address Reference Count : 1]<UL><LI> startup_stm32u575xx.o(RESET)
</UL>
<P><STRONG><a name="[1e]"></a>EXTI8_IRQHandler</STRONG> (Thumb, 0 bytes, Stack size 0 bytes, startup_stm32u575xx.o(.text))
<BR>[Address Reference Count : 1]<UL><LI> startup_stm32u575xx.o(RESET)
</UL>
<P><STRONG><a name="[1f]"></a>EXTI9_IRQHandler</STRONG> (Thumb, 0 bytes, Stack size 0 bytes, startup_stm32u575xx.o(.text))
<BR>[Address Reference Count : 1]<UL><LI> startup_stm32u575xx.o(RESET)
</UL>
<P><STRONG><a name="[31]"></a>FDCAN1_IT0_IRQHandler</STRONG> (Thumb, 0 bytes, Stack size 0 bytes, startup_stm32u575xx.o(.text))
<BR>[Address Reference Count : 1]<UL><LI> startup_stm32u575xx.o(RESET)
</UL>
<P><STRONG><a name="[32]"></a>FDCAN1_IT1_IRQHandler</STRONG> (Thumb, 0 bytes, Stack size 0 bytes, startup_stm32u575xx.o(.text))
<BR>[Address Reference Count : 1]<UL><LI> startup_stm32u575xx.o(RESET)
</UL>
<P><STRONG><a name="[11]"></a>FLASH_IRQHandler</STRONG> (Thumb, 0 bytes, Stack size 0 bytes, startup_stm32u575xx.o(.text))
<BR>[Address Reference Count : 1]<UL><LI> startup_stm32u575xx.o(RESET)
</UL>
<P><STRONG><a name="[12]"></a>FLASH_S_IRQHandler</STRONG> (Thumb, 0 bytes, Stack size 0 bytes, startup_stm32u575xx.o(.text))
<BR>[Address Reference Count : 1]<UL><LI> startup_stm32u575xx.o(RESET)
</UL>
<P><STRONG><a name="[82]"></a>FMAC_IRQHandler</STRONG> (Thumb, 0 bytes, Stack size 0 bytes, startup_stm32u575xx.o(.text))
<BR>[Address Reference Count : 1]<UL><LI> startup_stm32u575xx.o(RESET)
</UL>
<P><STRONG><a name="[55]"></a>FMC_IRQHandler</STRONG> (Thumb, 0 bytes, Stack size 0 bytes, startup_stm32u575xx.o(.text))
<BR>[Address Reference Count : 1]<UL><LI> startup_stm32u575xx.o(RESET)
</UL>
<P><STRONG><a name="[68]"></a>FPU_IRQHandler</STRONG> (Thumb, 0 bytes, Stack size 0 bytes, startup_stm32u575xx.o(.text))
<BR>[Address Reference Count : 1]<UL><LI> startup_stm32u575xx.o(RESET)
</UL>
<P><STRONG><a name="[5c]"></a>GPDMA1_Channel10_IRQHandler</STRONG> (Thumb, 0 bytes, Stack size 0 bytes, startup_stm32u575xx.o(.text))
<BR>[Address Reference Count : 1]<UL><LI> startup_stm32u575xx.o(RESET)
</UL>
<P><STRONG><a name="[5d]"></a>GPDMA1_Channel11_IRQHandler</STRONG> (Thumb, 0 bytes, Stack size 0 bytes, startup_stm32u575xx.o(.text))
<BR>[Address Reference Count : 1]<UL><LI> startup_stm32u575xx.o(RESET)
</UL>
<P><STRONG><a name="[5e]"></a>GPDMA1_Channel12_IRQHandler</STRONG> (Thumb, 0 bytes, Stack size 0 bytes, startup_stm32u575xx.o(.text))
<BR>[Address Reference Count : 1]<UL><LI> startup_stm32u575xx.o(RESET)
</UL>
<P><STRONG><a name="[5f]"></a>GPDMA1_Channel13_IRQHandler</STRONG> (Thumb, 0 bytes, Stack size 0 bytes, startup_stm32u575xx.o(.text))
<BR>[Address Reference Count : 1]<UL><LI> startup_stm32u575xx.o(RESET)
</UL>
<P><STRONG><a name="[60]"></a>GPDMA1_Channel14_IRQHandler</STRONG> (Thumb, 0 bytes, Stack size 0 bytes, startup_stm32u575xx.o(.text))
<BR>[Address Reference Count : 1]<UL><LI> startup_stm32u575xx.o(RESET)
</UL>
<P><STRONG><a name="[61]"></a>GPDMA1_Channel15_IRQHandler</STRONG> (Thumb, 0 bytes, Stack size 0 bytes, startup_stm32u575xx.o(.text))
<BR>[Address Reference Count : 1]<UL><LI> startup_stm32u575xx.o(RESET)
</UL>
<P><STRONG><a name="[2a]"></a>GPDMA1_Channel3_IRQHandler</STRONG> (Thumb, 0 bytes, Stack size 0 bytes, startup_stm32u575xx.o(.text))
<BR>[Address Reference Count : 1]<UL><LI> startup_stm32u575xx.o(RESET)
</UL>
<P><STRONG><a name="[2b]"></a>GPDMA1_Channel4_IRQHandler</STRONG> (Thumb, 0 bytes, Stack size 0 bytes, startup_stm32u575xx.o(.text))
<BR>[Address Reference Count : 1]<UL><LI> startup_stm32u575xx.o(RESET)
</UL>
<P><STRONG><a name="[2c]"></a>GPDMA1_Channel5_IRQHandler</STRONG> (Thumb, 0 bytes, Stack size 0 bytes, startup_stm32u575xx.o(.text))
<BR>[Address Reference Count : 1]<UL><LI> startup_stm32u575xx.o(RESET)
</UL>
<P><STRONG><a name="[2d]"></a>GPDMA1_Channel6_IRQHandler</STRONG> (Thumb, 0 bytes, Stack size 0 bytes, startup_stm32u575xx.o(.text))
<BR>[Address Reference Count : 1]<UL><LI> startup_stm32u575xx.o(RESET)
</UL>
<P><STRONG><a name="[2e]"></a>GPDMA1_Channel7_IRQHandler</STRONG> (Thumb, 0 bytes, Stack size 0 bytes, startup_stm32u575xx.o(.text))
<BR>[Address Reference Count : 1]<UL><LI> startup_stm32u575xx.o(RESET)
</UL>
<P><STRONG><a name="[5a]"></a>GPDMA1_Channel8_IRQHandler</STRONG> (Thumb, 0 bytes, Stack size 0 bytes, startup_stm32u575xx.o(.text))
<BR>[Address Reference Count : 1]<UL><LI> startup_stm32u575xx.o(RESET)
</UL>
<P><STRONG><a name="[5b]"></a>GPDMA1_Channel9_IRQHandler</STRONG> (Thumb, 0 bytes, Stack size 0 bytes, startup_stm32u575xx.o(.text))
<BR>[Address Reference Count : 1]<UL><LI> startup_stm32u575xx.o(RESET)
</UL>
<P><STRONG><a name="[13]"></a>GTZC_IRQHandler</STRONG> (Thumb, 0 bytes, Stack size 0 bytes, startup_stm32u575xx.o(.text))
<BR>[Address Reference Count : 1]<UL><LI> startup_stm32u575xx.o(RESET)
</UL>
<P><STRONG><a name="[69]"></a>HASH_IRQHandler</STRONG> (Thumb, 0 bytes, Stack size 0 bytes, startup_stm32u575xx.o(.text))
<BR>[Address Reference Count : 1]<UL><LI> startup_stm32u575xx.o(RESET)
</UL>
<P><STRONG><a name="[42]"></a>I2C1_ER_IRQHandler</STRONG> (Thumb, 0 bytes, Stack size 0 bytes, startup_stm32u575xx.o(.text))
<BR>[Address Reference Count : 1]<UL><LI> startup_stm32u575xx.o(RESET)
</UL>
<P><STRONG><a name="[41]"></a>I2C1_EV_IRQHandler</STRONG> (Thumb, 0 bytes, Stack size 0 bytes, startup_stm32u575xx.o(.text))
<BR>[Address Reference Count : 1]<UL><LI> startup_stm32u575xx.o(RESET)
</UL>
<P><STRONG><a name="[63]"></a>I2C3_ER_IRQHandler</STRONG> (Thumb, 0 bytes, Stack size 0 bytes, startup_stm32u575xx.o(.text))
<BR>[Address Reference Count : 1]<UL><LI> startup_stm32u575xx.o(RESET)
</UL>
<P><STRONG><a name="[62]"></a>I2C3_EV_IRQHandler</STRONG> (Thumb, 0 bytes, Stack size 0 bytes, startup_stm32u575xx.o(.text))
<BR>[Address Reference Count : 1]<UL><LI> startup_stm32u575xx.o(RESET)
</UL>
<P><STRONG><a name="[6c]"></a>I2C4_ER_IRQHandler</STRONG> (Thumb, 0 bytes, Stack size 0 bytes, startup_stm32u575xx.o(.text))
<BR>[Address Reference Count : 1]<UL><LI> startup_stm32u575xx.o(RESET)
</UL>
<P><STRONG><a name="[6d]"></a>I2C4_EV_IRQHandler</STRONG> (Thumb, 0 bytes, Stack size 0 bytes, startup_stm32u575xx.o(.text))
<BR>[Address Reference Count : 1]<UL><LI> startup_stm32u575xx.o(RESET)
</UL>
<P><STRONG><a name="[73]"></a>ICACHE_IRQHandler</STRONG> (Thumb, 0 bytes, Stack size 0 bytes, startup_stm32u575xx.o(.text))
<BR>[Address Reference Count : 1]<UL><LI> startup_stm32u575xx.o(RESET)
</UL>
<P><STRONG><a name="[26]"></a>IWDG_IRQHandler</STRONG> (Thumb, 0 bytes, Stack size 0 bytes, startup_stm32u575xx.o(.text))
<BR>[Address Reference Count : 1]<UL><LI> startup_stm32u575xx.o(RESET)
</UL>
<P><STRONG><a name="[78]"></a>LPDMA1_Channel0_IRQHandler</STRONG> (Thumb, 0 bytes, Stack size 0 bytes, startup_stm32u575xx.o(.text))
<BR>[Address Reference Count : 1]<UL><LI> startup_stm32u575xx.o(RESET)
</UL>
<P><STRONG><a name="[79]"></a>LPDMA1_Channel1_IRQHandler</STRONG> (Thumb, 0 bytes, Stack size 0 bytes, startup_stm32u575xx.o(.text))
<BR>[Address Reference Count : 1]<UL><LI> startup_stm32u575xx.o(RESET)
</UL>
<P><STRONG><a name="[7a]"></a>LPDMA1_Channel2_IRQHandler</STRONG> (Thumb, 0 bytes, Stack size 0 bytes, startup_stm32u575xx.o(.text))
<BR>[Address Reference Count : 1]<UL><LI> startup_stm32u575xx.o(RESET)
</UL>
<P><STRONG><a name="[7b]"></a>LPDMA1_Channel3_IRQHandler</STRONG> (Thumb, 0 bytes, Stack size 0 bytes, startup_stm32u575xx.o(.text))
<BR>[Address Reference Count : 1]<UL><LI> startup_stm32u575xx.o(RESET)
</UL>
<P><STRONG><a name="[4d]"></a>LPTIM1_IRQHandler</STRONG> (Thumb, 0 bytes, Stack size 0 bytes, startup_stm32u575xx.o(.text))
<BR>[Address Reference Count : 1]<UL><LI> startup_stm32u575xx.o(RESET)
</UL>
<P><STRONG><a name="[4e]"></a>LPTIM2_IRQHandler</STRONG> (Thumb, 0 bytes, Stack size 0 bytes, startup_stm32u575xx.o(.text))
<BR>[Address Reference Count : 1]<UL><LI> startup_stm32u575xx.o(RESET)
</UL>
<P><STRONG><a name="[6a]"></a>LPTIM3_IRQHandler</STRONG> (Thumb, 0 bytes, Stack size 0 bytes, startup_stm32u575xx.o(.text))
<BR>[Address Reference Count : 1]<UL><LI> startup_stm32u575xx.o(RESET)
</UL>
<P><STRONG><a name="[74]"></a>LPTIM4_IRQHandler</STRONG> (Thumb, 0 bytes, Stack size 0 bytes, startup_stm32u575xx.o(.text))
<BR>[Address Reference Count : 1]<UL><LI> startup_stm32u575xx.o(RESET)
</UL>
<P><STRONG><a name="[4c]"></a>LPUART1_IRQHandler</STRONG> (Thumb, 0 bytes, Stack size 0 bytes, startup_stm32u575xx.o(.text))
<BR>[Address Reference Count : 1]<UL><LI> startup_stm32u575xx.o(RESET)
</UL>
<P><STRONG><a name="[83]"></a>LSECSSD_IRQHandler</STRONG> (Thumb, 0 bytes, Stack size 0 bytes, startup_stm32u575xx.o(.text))
<BR>[Address Reference Count : 1]<UL><LI> startup_stm32u575xx.o(RESET)
</UL>
<P><STRONG><a name="[6e]"></a>MDF1_FLT0_IRQHandler</STRONG> (Thumb, 0 bytes, Stack size 0 bytes, startup_stm32u575xx.o(.text))
<BR>[Address Reference Count : 1]<UL><LI> startup_stm32u575xx.o(RESET)
</UL>
<P><STRONG><a name="[6f]"></a>MDF1_FLT1_IRQHandler</STRONG> (Thumb, 0 bytes, Stack size 0 bytes, startup_stm32u575xx.o(.text))
<BR>[Address Reference Count : 1]<UL><LI> startup_stm32u575xx.o(RESET)
</UL>
<P><STRONG><a name="[70]"></a>MDF1_FLT2_IRQHandler</STRONG> (Thumb, 0 bytes, Stack size 0 bytes, startup_stm32u575xx.o(.text))
<BR>[Address Reference Count : 1]<UL><LI> startup_stm32u575xx.o(RESET)
</UL>
<P><STRONG><a name="[71]"></a>MDF1_FLT3_IRQHandler</STRONG> (Thumb, 0 bytes, Stack size 0 bytes, startup_stm32u575xx.o(.text))
<BR>[Address Reference Count : 1]<UL><LI> startup_stm32u575xx.o(RESET)
</UL>
<P><STRONG><a name="[7f]"></a>MDF1_FLT4_IRQHandler</STRONG> (Thumb, 0 bytes, Stack size 0 bytes, startup_stm32u575xx.o(.text))
<BR>[Address Reference Count : 1]<UL><LI> startup_stm32u575xx.o(RESET)
</UL>
<P><STRONG><a name="[80]"></a>MDF1_FLT5_IRQHandler</STRONG> (Thumb, 0 bytes, Stack size 0 bytes, startup_stm32u575xx.o(.text))
<BR>[Address Reference Count : 1]<UL><LI> startup_stm32u575xx.o(RESET)
</UL>
<P><STRONG><a name="[56]"></a>OCTOSPI1_IRQHandler</STRONG> (Thumb, 0 bytes, Stack size 0 bytes, startup_stm32u575xx.o(.text))
<BR>[Address Reference Count : 1]<UL><LI> startup_stm32u575xx.o(RESET)
</UL>
<P><STRONG><a name="[7e]"></a>OCTOSPI2_IRQHandler</STRONG> (Thumb, 0 bytes, Stack size 0 bytes, startup_stm32u575xx.o(.text))
<BR>[Address Reference Count : 1]<UL><LI> startup_stm32u575xx.o(RESET)
</UL>
<P><STRONG><a name="[53]"></a>OTG_FS_IRQHandler</STRONG> (Thumb, 0 bytes, Stack size 0 bytes, startup_stm32u575xx.o(.text))
<BR>[Address Reference Count : 1]<UL><LI> startup_stm32u575xx.o(RESET)
</UL>
<P><STRONG><a name="[c]"></a>PVD_PVM_IRQHandler</STRONG> (Thumb, 0 bytes, Stack size 0 bytes, startup_stm32u575xx.o(.text))
<BR>[Address Reference Count : 1]<UL><LI> startup_stm32u575xx.o(RESET)
</UL>
<P><STRONG><a name="[57]"></a>PWR_S3WU_IRQHandler</STRONG> (Thumb, 0 bytes, Stack size 0 bytes, startup_stm32u575xx.o(.text))
<BR>[Address Reference Count : 1]<UL><LI> startup_stm32u575xx.o(RESET)
</UL>
<P><STRONG><a name="[10]"></a>RAMCFG_IRQHandler</STRONG> (Thumb, 0 bytes, Stack size 0 bytes, startup_stm32u575xx.o(.text))
<BR>[Address Reference Count : 1]<UL><LI> startup_stm32u575xx.o(RESET)
</UL>
<P><STRONG><a name="[14]"></a>RCC_IRQHandler</STRONG> (Thumb, 0 bytes, Stack size 0 bytes, startup_stm32u575xx.o(.text))
<BR>[Address Reference Count : 1]<UL><LI> startup_stm32u575xx.o(RESET)
</UL>
<P><STRONG><a name="[15]"></a>RCC_S_IRQHandler</STRONG> (Thumb, 0 bytes, Stack size 0 bytes, startup_stm32u575xx.o(.text))
<BR>[Address Reference Count : 1]<UL><LI> startup_stm32u575xx.o(RESET)
</UL>
<P><STRONG><a name="[67]"></a>RNG_IRQHandler</STRONG> (Thumb, 0 bytes, Stack size 0 bytes, startup_stm32u575xx.o(.text))
<BR>[Address Reference Count : 1]<UL><LI> startup_stm32u575xx.o(RESET)
</UL>
<P><STRONG><a name="[d]"></a>RTC_IRQHandler</STRONG> (Thumb, 0 bytes, Stack size 0 bytes, startup_stm32u575xx.o(.text))
<BR>[Address Reference Count : 1]<UL><LI> startup_stm32u575xx.o(RESET)
</UL>
<P><STRONG><a name="[e]"></a>RTC_S_IRQHandler</STRONG> (Thumb, 0 bytes, Stack size 0 bytes, startup_stm32u575xx.o(.text))
<BR>[Address Reference Count : 1]<UL><LI> startup_stm32u575xx.o(RESET)
</UL>
<P><STRONG><a name="[64]"></a>SAI1_IRQHandler</STRONG> (Thumb, 0 bytes, Stack size 0 bytes, startup_stm32u575xx.o(.text))
<BR>[Address Reference Count : 1]<UL><LI> startup_stm32u575xx.o(RESET)
</UL>
<P><STRONG><a name="[65]"></a>SAI2_IRQHandler</STRONG> (Thumb, 0 bytes, Stack size 0 bytes, startup_stm32u575xx.o(.text))
<BR>[Address Reference Count : 1]<UL><LI> startup_stm32u575xx.o(RESET)
</UL>
<P><STRONG><a name="[58]"></a>SDMMC1_IRQHandler</STRONG> (Thumb, 0 bytes, Stack size 0 bytes, startup_stm32u575xx.o(.text))
<BR>[Address Reference Count : 1]<UL><LI> startup_stm32u575xx.o(RESET)
</UL>
<P><STRONG><a name="[59]"></a>SDMMC2_IRQHandler</STRONG> (Thumb, 0 bytes, Stack size 0 bytes, startup_stm32u575xx.o(.text))
<BR>[Address Reference Count : 1]<UL><LI> startup_stm32u575xx.o(RESET)
</UL>
<P><STRONG><a name="[46]"></a>SPI2_IRQHandler</STRONG> (Thumb, 0 bytes, Stack size 0 bytes, startup_stm32u575xx.o(.text))
<BR>[Address Reference Count : 1]<UL><LI> startup_stm32u575xx.o(RESET)
</UL>
<P><STRONG><a name="[f]"></a>TAMP_IRQHandler</STRONG> (Thumb, 0 bytes, Stack size 0 bytes, startup_stm32u575xx.o(.text))
<BR>[Address Reference Count : 1]<UL><LI> startup_stm32u575xx.o(RESET)
</UL>
<P><STRONG><a name="[4f]"></a>TIM15_IRQHandler</STRONG> (Thumb, 0 bytes, Stack size 0 bytes, startup_stm32u575xx.o(.text))
<BR>[Address Reference Count : 1]<UL><LI> startup_stm32u575xx.o(RESET)
</UL>
<P><STRONG><a name="[50]"></a>TIM16_IRQHandler</STRONG> (Thumb, 0 bytes, Stack size 0 bytes, startup_stm32u575xx.o(.text))
<BR>[Address Reference Count : 1]<UL><LI> startup_stm32u575xx.o(RESET)
</UL>
<P><STRONG><a name="[33]"></a>TIM1_BRK_IRQHandler</STRONG> (Thumb, 0 bytes, Stack size 0 bytes, startup_stm32u575xx.o(.text))
<BR>[Address Reference Count : 1]<UL><LI> startup_stm32u575xx.o(RESET)
</UL>
<P><STRONG><a name="[36]"></a>TIM1_CC_IRQHandler</STRONG> (Thumb, 0 bytes, Stack size 0 bytes, startup_stm32u575xx.o(.text))
<BR>[Address Reference Count : 1]<UL><LI> startup_stm32u575xx.o(RESET)
</UL>
<P><STRONG><a name="[35]"></a>TIM1_TRG_COM_IRQHandler</STRONG> (Thumb, 0 bytes, Stack size 0 bytes, startup_stm32u575xx.o(.text))
<BR>[Address Reference Count : 1]<UL><LI> startup_stm32u575xx.o(RESET)
</UL>
<P><STRONG><a name="[34]"></a>TIM1_UP_IRQHandler</STRONG> (Thumb, 0 bytes, Stack size 0 bytes, startup_stm32u575xx.o(.text))
<BR>[Address Reference Count : 1]<UL><LI> startup_stm32u575xx.o(RESET)
</UL>
<P><STRONG><a name="[37]"></a>TIM2_IRQHandler</STRONG> (Thumb, 0 bytes, Stack size 0 bytes, startup_stm32u575xx.o(.text))
<BR>[Address Reference Count : 1]<UL><LI> startup_stm32u575xx.o(RESET)
</UL>
<P><STRONG><a name="[38]"></a>TIM3_IRQHandler</STRONG> (Thumb, 0 bytes, Stack size 0 bytes, startup_stm32u575xx.o(.text))
<BR>[Address Reference Count : 1]<UL><LI> startup_stm32u575xx.o(RESET)
</UL>
<P><STRONG><a name="[39]"></a>TIM4_IRQHandler</STRONG> (Thumb, 0 bytes, Stack size 0 bytes, startup_stm32u575xx.o(.text))
<BR>[Address Reference Count : 1]<UL><LI> startup_stm32u575xx.o(RESET)
</UL>
<P><STRONG><a name="[3a]"></a>TIM5_IRQHandler</STRONG> (Thumb, 0 bytes, Stack size 0 bytes, startup_stm32u575xx.o(.text))
<BR>[Address Reference Count : 1]<UL><LI> startup_stm32u575xx.o(RESET)
</UL>
<P><STRONG><a name="[3b]"></a>TIM6_IRQHandler</STRONG> (Thumb, 0 bytes, Stack size 0 bytes, startup_stm32u575xx.o(.text))
<BR>[Address Reference Count : 1]<UL><LI> startup_stm32u575xx.o(RESET)
</UL>
<P><STRONG><a name="[3c]"></a>TIM7_IRQHandler</STRONG> (Thumb, 0 bytes, Stack size 0 bytes, startup_stm32u575xx.o(.text))
<BR>[Address Reference Count : 1]<UL><LI> startup_stm32u575xx.o(RESET)
</UL>
<P><STRONG><a name="[3d]"></a>TIM8_BRK_IRQHandler</STRONG> (Thumb, 0 bytes, Stack size 0 bytes, startup_stm32u575xx.o(.text))
<BR>[Address Reference Count : 1]<UL><LI> startup_stm32u575xx.o(RESET)
</UL>
<P><STRONG><a name="[40]"></a>TIM8_CC_IRQHandler</STRONG> (Thumb, 0 bytes, Stack size 0 bytes, startup_stm32u575xx.o(.text))
<BR>[Address Reference Count : 1]<UL><LI> startup_stm32u575xx.o(RESET)
</UL>
<P><STRONG><a name="[3f]"></a>TIM8_TRG_COM_IRQHandler</STRONG> (Thumb, 0 bytes, Stack size 0 bytes, startup_stm32u575xx.o(.text))
<BR>[Address Reference Count : 1]<UL><LI> startup_stm32u575xx.o(RESET)
</UL>
<P><STRONG><a name="[3e]"></a>TIM8_UP_IRQHandler</STRONG> (Thumb, 0 bytes, Stack size 0 bytes, startup_stm32u575xx.o(.text))
<BR>[Address Reference Count : 1]<UL><LI> startup_stm32u575xx.o(RESET)
</UL>
<P><STRONG><a name="[66]"></a>TSC_IRQHandler</STRONG> (Thumb, 0 bytes, Stack size 0 bytes, startup_stm32u575xx.o(.text))
<BR>[Address Reference Count : 1]<UL><LI> startup_stm32u575xx.o(RESET)
</UL>
<P><STRONG><a name="[4b]"></a>UART5_IRQHandler</STRONG> (Thumb, 0 bytes, Stack size 0 bytes, startup_stm32u575xx.o(.text))
<BR>[Address Reference Count : 1]<UL><LI> startup_stm32u575xx.o(RESET)
</UL>
<P><STRONG><a name="[72]"></a>UCPD1_IRQHandler</STRONG> (Thumb, 0 bytes, Stack size 0 bytes, startup_stm32u575xx.o(.text))
<BR>[Address Reference Count : 1]<UL><LI> startup_stm32u575xx.o(RESET)
</UL>
<P><STRONG><a name="[49]"></a>USART3_IRQHandler</STRONG> (Thumb, 0 bytes, Stack size 0 bytes, startup_stm32u575xx.o(.text))
<BR>[Address Reference Count : 1]<UL><LI> startup_stm32u575xx.o(RESET)
</UL>
<P><STRONG><a name="[b]"></a>WWDG_IRQHandler</STRONG> (Thumb, 0 bytes, Stack size 0 bytes, startup_stm32u575xx.o(.text))
<BR>[Address Reference Count : 1]<UL><LI> startup_stm32u575xx.o(RESET)
</UL>
<P><STRONG><a name="[d3]"></a>__user_initial_stackheap</STRONG> (Thumb, 10 bytes, Stack size 0 bytes, startup_stm32u575xx.o(.text))
<BR><BR>[Called By]<UL><LI><a href="#[b2]">&gt;&gt;</a>&nbsp;&nbsp;&nbsp;__user_setup_stackheap
</UL>

<P><STRONG><a name="[202]"></a>__use_no_semihosting</STRONG> (Thumb, 2 bytes, Stack size 0 bytes, use_no_semi_2.o(.text), UNUSED)

<P><STRONG><a name="[198]"></a>__aeabi_uldivmod</STRONG> (Thumb, 0 bytes, Stack size 48 bytes, lludivv7m.o(.text))
<BR><BR>[Stack]<UL><LI>Max Depth = 48<LI>Call Chain = __aeabi_uldivmod
</UL>
<BR>[Called By]<UL><LI><a href="#[14f]">&gt;&gt;</a>&nbsp;&nbsp;&nbsp;UART_SetConfig
</UL>

<P><STRONG><a name="[203]"></a>_ll_udiv</STRONG> (Thumb, 240 bytes, Stack size 48 bytes, lludivv7m.o(.text), UNUSED)

<P><STRONG><a name="[bc]"></a>__2printf</STRONG> (Thumb, 20 bytes, Stack size 24 bytes, __2printf.o(.text))
<BR><BR>[Stack]<UL><LI>Max Depth = 144 + Unknown Stack Size
<LI>Call Chain = __2printf &rArr; _printf_char_file &rArr; _printf_char_common &rArr; __printf
</UL>
<BR>[Calls]<UL><LI><a href="#[bd]">&gt;&gt;</a>&nbsp;&nbsp;&nbsp;_printf_char_file
</UL>
<BR>[Called By]<UL><LI><a href="#[98]">&gt;&gt;</a>&nbsp;&nbsp;&nbsp;StartDebugTask
<LI><a href="#[94]">&gt;&gt;</a>&nbsp;&nbsp;&nbsp;StartWirelessTask
<LI><a href="#[92]">&gt;&gt;</a>&nbsp;&nbsp;&nbsp;StartAlgoTask
<LI><a href="#[91]">&gt;&gt;</a>&nbsp;&nbsp;&nbsp;StartSensorTask
</UL>

<P><STRONG><a name="[be]"></a>__2snprintf</STRONG> (Thumb, 58 bytes, Stack size 32 bytes, __2snprintf.o(.text))
<BR><BR>[Stack]<UL><LI>Max Depth = 136 + Unknown Stack Size
<LI>Call Chain = __2snprintf &rArr; _printf_char_common &rArr; __printf
</UL>
<BR>[Calls]<UL><LI><a href="#[bf]">&gt;&gt;</a>&nbsp;&nbsp;&nbsp;_printf_char_common
</UL>
<BR>[Called By]<UL><LI><a href="#[95]">&gt;&gt;</a>&nbsp;&nbsp;&nbsp;StartDataStreamTask
</UL>

<P><STRONG><a name="[c1]"></a>_printf_pre_padding</STRONG> (Thumb, 44 bytes, Stack size 16 bytes, _printf_pad.o(.text))
<BR><BR>[Stack]<UL><LI>Max Depth = 16<LI>Call Chain = _printf_pre_padding
</UL>
<BR>[Called By]<UL><LI><a href="#[c3]">&gt;&gt;</a>&nbsp;&nbsp;&nbsp;_printf_int_common
<LI><a href="#[c0]">&gt;&gt;</a>&nbsp;&nbsp;&nbsp;_printf_str
</UL>

<P><STRONG><a name="[c2]"></a>_printf_post_padding</STRONG> (Thumb, 34 bytes, Stack size 16 bytes, _printf_pad.o(.text))
<BR><BR>[Stack]<UL><LI>Max Depth = 16<LI>Call Chain = _printf_post_padding
</UL>
<BR>[Called By]<UL><LI><a href="#[c3]">&gt;&gt;</a>&nbsp;&nbsp;&nbsp;_printf_int_common
<LI><a href="#[c0]">&gt;&gt;</a>&nbsp;&nbsp;&nbsp;_printf_str
</UL>

<P><STRONG><a name="[c0]"></a>_printf_str</STRONG> (Thumb, 82 bytes, Stack size 16 bytes, _printf_str.o(.text))
<BR><BR>[Stack]<UL><LI>Max Depth = 32<LI>Call Chain = _printf_str &rArr; _printf_post_padding
</UL>
<BR>[Calls]<UL><LI><a href="#[c2]">&gt;&gt;</a>&nbsp;&nbsp;&nbsp;_printf_post_padding
<LI><a href="#[c1]">&gt;&gt;</a>&nbsp;&nbsp;&nbsp;_printf_pre_padding
</UL>
<BR>[Called By]<UL><LI><a href="#[d0]">&gt;&gt;</a>&nbsp;&nbsp;&nbsp;_printf_cs_common
</UL>

<P><STRONG><a name="[a7]"></a>_printf_int_dec</STRONG> (Thumb, 104 bytes, Stack size 24 bytes, _printf_dec.o(.text))
<BR><BR>[Stack]<UL><LI>Max Depth = 72<LI>Call Chain = _printf_int_dec &rArr; _printf_int_common &rArr; _printf_post_padding
</UL>
<BR>[Calls]<UL><LI><a href="#[c3]">&gt;&gt;</a>&nbsp;&nbsp;&nbsp;_printf_int_common
</UL>
<BR>[Called By]<UL><LI><a href="#[a8]">&gt;&gt;</a>&nbsp;&nbsp;&nbsp;_printf_u
<LI><a href="#[a6]">&gt;&gt;</a>&nbsp;&nbsp;&nbsp;_printf_d
</UL>

<P><STRONG><a name="[aa]"></a>_printf_int_hex</STRONG> (Thumb, 84 bytes, Stack size 16 bytes, _printf_hex_int.o(.text))
<BR><BR>[Stack]<UL><LI>Max Depth = 64<LI>Call Chain = _printf_int_hex &rArr; _printf_int_common &rArr; _printf_post_padding
</UL>
<BR>[Calls]<UL><LI><a href="#[c3]">&gt;&gt;</a>&nbsp;&nbsp;&nbsp;_printf_int_common
</UL>
<BR>[Called By]<UL><LI><a href="#[a9]">&gt;&gt;</a>&nbsp;&nbsp;&nbsp;_printf_x
</UL>

<P><STRONG><a name="[204]"></a>_printf_longlong_hex</STRONG> (Thumb, 0 bytes, Stack size 16 bytes, _printf_hex_int.o(.text), UNUSED)

<P><STRONG><a name="[c4]"></a>__printf</STRONG> (Thumb, 388 bytes, Stack size 40 bytes, __printf_flags_ss_wp.o(.text))
<BR><BR>[Stack]<UL><LI>Max Depth = 40 + Unknown Stack Size
<LI>Call Chain = __printf
</UL>
<BR>[Calls]<UL><LI><a href="#[c6]">&gt;&gt;</a>&nbsp;&nbsp;&nbsp;_printf_percent
<LI><a href="#[c5]">&gt;&gt;</a>&nbsp;&nbsp;&nbsp;_is_digit
</UL>
<BR>[Called By]<UL><LI><a href="#[bf]">&gt;&gt;</a>&nbsp;&nbsp;&nbsp;_printf_char_common
</UL>

<P><STRONG><a name="[c7]"></a>puts</STRONG> (Thumb, 40 bytes, Stack size 8 bytes, puts.o(.text))
<BR><BR>[Stack]<UL><LI>Max Depth = 48<LI>Call Chain = puts &rArr; fputc &rArr; HAL_UART_Transmit
</UL>
<BR>[Calls]<UL><LI><a href="#[88]">&gt;&gt;</a>&nbsp;&nbsp;&nbsp;fputc
</UL>
<BR>[Called By]<UL><LI><a href="#[94]">&gt;&gt;</a>&nbsp;&nbsp;&nbsp;StartWirelessTask
<LI><a href="#[91]">&gt;&gt;</a>&nbsp;&nbsp;&nbsp;StartSensorTask
</UL>

<P><STRONG><a name="[1d0]"></a>__aeabi_memcpy</STRONG> (Thumb, 0 bytes, Stack size 0 bytes, rt_memcpy_v6.o(.text))
<BR><BR>[Called By]<UL><LI><a href="#[1a9]">&gt;&gt;</a>&nbsp;&nbsp;&nbsp;xQueueReceiveFromISR
<LI><a href="#[1be]">&gt;&gt;</a>&nbsp;&nbsp;&nbsp;xQueueReceive
<LI><a href="#[1aa]">&gt;&gt;</a>&nbsp;&nbsp;&nbsp;xQueueGenericSend
</UL>

<P><STRONG><a name="[c8]"></a>__rt_memcpy</STRONG> (Thumb, 138 bytes, Stack size 0 bytes, rt_memcpy_v6.o(.text), UNUSED)
<BR><BR>[Calls]<UL><LI><a href="#[c9]">&gt;&gt;</a>&nbsp;&nbsp;&nbsp;__aeabi_memcpy4
</UL>

<P><STRONG><a name="[205]"></a>_memcpy_lastbytes</STRONG> (Thumb, 0 bytes, Stack size unknown bytes, rt_memcpy_v6.o(.text), UNUSED)

<P><STRONG><a name="[ca]"></a>__aeabi_memset4</STRONG> (Thumb, 16 bytes, Stack size 0 bytes, aeabi_memset4.o(.text))
<BR><BR>[Stack]<UL><LI>Max Depth = 4<LI>Call Chain = __aeabi_memset4 &rArr; _memset_w
</UL>
<BR>[Calls]<UL><LI><a href="#[cb]">&gt;&gt;</a>&nbsp;&nbsp;&nbsp;_memset_w
</UL>
<BR>[Called By]<UL><LI><a href="#[1b7]">&gt;&gt;</a>&nbsp;&nbsp;&nbsp;prvInitialiseNewTask
</UL>

<P><STRONG><a name="[206]"></a>__aeabi_memset8</STRONG> (Thumb, 0 bytes, Stack size 0 bytes, aeabi_memset4.o(.text), UNUSED)

<P><STRONG><a name="[1d5]"></a>__aeabi_memclr</STRONG> (Thumb, 0 bytes, Stack size unknown bytes, rt_memclr.o(.text))
<BR><BR>[Called By]<UL><LI><a href="#[1b0]">&gt;&gt;</a>&nbsp;&nbsp;&nbsp;xTaskCreate
<LI><a href="#[1af]">&gt;&gt;</a>&nbsp;&nbsp;&nbsp;xTaskCreateStatic
</UL>

<P><STRONG><a name="[207]"></a>__rt_memclr</STRONG> (Thumb, 0 bytes, Stack size unknown bytes, rt_memclr.o(.text), UNUSED)

<P><STRONG><a name="[cc]"></a>_memset</STRONG> (Thumb, 64 bytes, Stack size 0 bytes, rt_memclr.o(.text), UNUSED)
<BR><BR>[Calls]<UL><LI><a href="#[cb]">&gt;&gt;</a>&nbsp;&nbsp;&nbsp;_memset_w
</UL>

<P><STRONG><a name="[e7]"></a>__aeabi_memclr4</STRONG> (Thumb, 0 bytes, Stack size unknown bytes, rt_memclr_w.o(.text))
<BR><BR>[Called By]<UL><LI><a href="#[f0]">&gt;&gt;</a>&nbsp;&nbsp;&nbsp;HAL_ADC_MspInit
<LI><a href="#[b6]">&gt;&gt;</a>&nbsp;&nbsp;&nbsp;main
<LI><a href="#[184]">&gt;&gt;</a>&nbsp;&nbsp;&nbsp;ShoulderLiftEval_Start
<LI><a href="#[183]">&gt;&gt;</a>&nbsp;&nbsp;&nbsp;ShoulderLiftEval_Init
<LI><a href="#[e5]">&gt;&gt;</a>&nbsp;&nbsp;&nbsp;Rehab_MovingAverageInit
<LI><a href="#[e6]">&gt;&gt;</a>&nbsp;&nbsp;&nbsp;EmgSensor_Start
<LI><a href="#[162]">&gt;&gt;</a>&nbsp;&nbsp;&nbsp;IMUProc_StateInit
<LI><a href="#[15f]">&gt;&gt;</a>&nbsp;&nbsp;&nbsp;IMUProc_AttitudeUpdate6Axis
<LI><a href="#[15e]">&gt;&gt;</a>&nbsp;&nbsp;&nbsp;IMUProc_AttitudeInit
<LI><a href="#[1a2]">&gt;&gt;</a>&nbsp;&nbsp;&nbsp;vTaskStartScheduler
</UL>

<P><STRONG><a name="[f1]"></a>__aeabi_memclr8</STRONG> (Thumb, 0 bytes, Stack size unknown bytes, rt_memclr_w.o(.text))
<BR><BR>[Called By]<UL><LI><a href="#[14d]">&gt;&gt;</a>&nbsp;&nbsp;&nbsp;HAL_UART_MspInit
<LI><a href="#[133]">&gt;&gt;</a>&nbsp;&nbsp;&nbsp;HAL_SPI_MspInit
<LI><a href="#[10a]">&gt;&gt;</a>&nbsp;&nbsp;&nbsp;HAL_I2C_MspInit
<LI><a href="#[f0]">&gt;&gt;</a>&nbsp;&nbsp;&nbsp;HAL_ADC_MspInit
</UL>

<P><STRONG><a name="[208]"></a>__rt_memclr_w</STRONG> (Thumb, 0 bytes, Stack size unknown bytes, rt_memclr_w.o(.text), UNUSED)

<P><STRONG><a name="[cb]"></a>_memset_w</STRONG> (Thumb, 74 bytes, Stack size 4 bytes, rt_memclr_w.o(.text))
<BR><BR>[Stack]<UL><LI>Max Depth = 4<LI>Call Chain = _memset_w
</UL>
<BR>[Called By]<UL><LI><a href="#[cc]">&gt;&gt;</a>&nbsp;&nbsp;&nbsp;_memset
<LI><a href="#[ca]">&gt;&gt;</a>&nbsp;&nbsp;&nbsp;__aeabi_memset4
</UL>

<P><STRONG><a name="[209]"></a>__use_two_region_memory</STRONG> (Thumb, 2 bytes, Stack size 0 bytes, heapauxi.o(.text), UNUSED)

<P><STRONG><a name="[20a]"></a>__rt_heap_escrow$2region</STRONG> (Thumb, 2 bytes, Stack size 0 bytes, heapauxi.o(.text), UNUSED)

<P><STRONG><a name="[20b]"></a>__rt_heap_expand$2region</STRONG> (Thumb, 2 bytes, Stack size 0 bytes, heapauxi.o(.text), UNUSED)

<P><STRONG><a name="[20c]"></a>__I$use$semihosting</STRONG> (Thumb, 0 bytes, Stack size 0 bytes, use_no_semi.o(.text), UNUSED)

<P><STRONG><a name="[20d]"></a>__use_no_semihosting_swi</STRONG> (Thumb, 2 bytes, Stack size 0 bytes, use_no_semi.o(.text), UNUSED)

<P><STRONG><a name="[cd]"></a>__read_errno</STRONG> (Thumb, 10 bytes, Stack size 8 bytes, _rserrno.o(.text), UNUSED)
<BR><BR>[Calls]<UL><LI><a href="#[ce]">&gt;&gt;</a>&nbsp;&nbsp;&nbsp;__aeabi_errno_addr
</UL>

<P><STRONG><a name="[cf]"></a>__set_errno</STRONG> (Thumb, 12 bytes, Stack size 8 bytes, _rserrno.o(.text))
<BR><BR>[Stack]<UL><LI>Max Depth = 8<LI>Call Chain = __set_errno
</UL>
<BR>[Calls]<UL><LI><a href="#[ce]">&gt;&gt;</a>&nbsp;&nbsp;&nbsp;__aeabi_errno_addr
</UL>
<BR>[Called By]<UL><LI><a href="#[1d7]">&gt;&gt;</a>&nbsp;&nbsp;&nbsp;sqrtf
<LI><a href="#[160]">&gt;&gt;</a>&nbsp;&nbsp;&nbsp;__hardfp_atan2f
<LI><a href="#[161]">&gt;&gt;</a>&nbsp;&nbsp;&nbsp;__hardfp_asinf
</UL>

<P><STRONG><a name="[c3]"></a>_printf_int_common</STRONG> (Thumb, 178 bytes, Stack size 32 bytes, _printf_intcommon.o(.text))
<BR><BR>[Stack]<UL><LI>Max Depth = 48<LI>Call Chain = _printf_int_common &rArr; _printf_post_padding
</UL>
<BR>[Calls]<UL><LI><a href="#[c2]">&gt;&gt;</a>&nbsp;&nbsp;&nbsp;_printf_post_padding
<LI><a href="#[c1]">&gt;&gt;</a>&nbsp;&nbsp;&nbsp;_printf_pre_padding
</UL>
<BR>[Called By]<UL><LI><a href="#[aa]">&gt;&gt;</a>&nbsp;&nbsp;&nbsp;_printf_int_hex
<LI><a href="#[a7]">&gt;&gt;</a>&nbsp;&nbsp;&nbsp;_printf_int_dec
</UL>

<P><STRONG><a name="[bf]"></a>_printf_char_common</STRONG> (Thumb, 32 bytes, Stack size 64 bytes, _printf_char_common.o(.text))
<BR><BR>[Stack]<UL><LI>Max Depth = 104 + Unknown Stack Size
<LI>Call Chain = _printf_char_common &rArr; __printf
</UL>
<BR>[Calls]<UL><LI><a href="#[c4]">&gt;&gt;</a>&nbsp;&nbsp;&nbsp;__printf
</UL>
<BR>[Called By]<UL><LI><a href="#[bd]">&gt;&gt;</a>&nbsp;&nbsp;&nbsp;_printf_char_file
<LI><a href="#[be]">&gt;&gt;</a>&nbsp;&nbsp;&nbsp;__2snprintf
</UL>

<P><STRONG><a name="[86]"></a>_snputc</STRONG> (Thumb, 16 bytes, Stack size 0 bytes, _snputc.o(.text))
<BR>[Address Reference Count : 1]<UL><LI> __2snprintf.o(.text)
</UL>
<P><STRONG><a name="[d0]"></a>_printf_cs_common</STRONG> (Thumb, 20 bytes, Stack size 8 bytes, _printf_char.o(.text))
<BR><BR>[Stack]<UL><LI>Max Depth = 40<LI>Call Chain = _printf_cs_common &rArr; _printf_str &rArr; _printf_post_padding
</UL>
<BR>[Calls]<UL><LI><a href="#[c0]">&gt;&gt;</a>&nbsp;&nbsp;&nbsp;_printf_str
</UL>
<BR>[Called By]<UL><LI><a href="#[ae]">&gt;&gt;</a>&nbsp;&nbsp;&nbsp;_printf_string
<LI><a href="#[ac]">&gt;&gt;</a>&nbsp;&nbsp;&nbsp;_printf_char
</UL>

<P><STRONG><a name="[ac]"></a>_printf_char</STRONG> (Thumb, 16 bytes, Stack size 0 bytes, _printf_char.o(.text))
<BR><BR>[Stack]<UL><LI>Max Depth = 40<LI>Call Chain = _printf_char &rArr; _printf_cs_common &rArr; _printf_str &rArr; _printf_post_padding
</UL>
<BR>[Calls]<UL><LI><a href="#[d0]">&gt;&gt;</a>&nbsp;&nbsp;&nbsp;_printf_cs_common
</UL>
<BR>[Called By]<UL><LI><a href="#[ab]">&gt;&gt;</a>&nbsp;&nbsp;&nbsp;_printf_c
</UL>

<P><STRONG><a name="[ae]"></a>_printf_string</STRONG> (Thumb, 8 bytes, Stack size 0 bytes, _printf_char.o(.text))
<BR><BR>[Stack]<UL><LI>Max Depth = 40<LI>Call Chain = _printf_string &rArr; _printf_cs_common &rArr; _printf_str &rArr; _printf_post_padding
</UL>
<BR>[Calls]<UL><LI><a href="#[d0]">&gt;&gt;</a>&nbsp;&nbsp;&nbsp;_printf_cs_common
</UL>
<BR>[Called By]<UL><LI><a href="#[ad]">&gt;&gt;</a>&nbsp;&nbsp;&nbsp;_printf_s
</UL>

<P><STRONG><a name="[bd]"></a>_printf_char_file</STRONG> (Thumb, 32 bytes, Stack size 16 bytes, _printf_char_file.o(.text))
<BR><BR>[Stack]<UL><LI>Max Depth = 120 + Unknown Stack Size
<LI>Call Chain = _printf_char_file &rArr; _printf_char_common &rArr; __printf
</UL>
<BR>[Calls]<UL><LI><a href="#[d1]">&gt;&gt;</a>&nbsp;&nbsp;&nbsp;ferror
<LI><a href="#[bf]">&gt;&gt;</a>&nbsp;&nbsp;&nbsp;_printf_char_common
</UL>
<BR>[Called By]<UL><LI><a href="#[bc]">&gt;&gt;</a>&nbsp;&nbsp;&nbsp;__2printf
</UL>

<P><STRONG><a name="[c9]"></a>__aeabi_memcpy4</STRONG> (Thumb, 0 bytes, Stack size 8 bytes, rt_memcpy_w.o(.text), UNUSED)
<BR><BR>[Called By]<UL><LI><a href="#[c8]">&gt;&gt;</a>&nbsp;&nbsp;&nbsp;__rt_memcpy
</UL>

<P><STRONG><a name="[20e]"></a>__aeabi_memcpy8</STRONG> (Thumb, 0 bytes, Stack size 8 bytes, rt_memcpy_w.o(.text), UNUSED)

<P><STRONG><a name="[20f]"></a>__rt_memcpy_w</STRONG> (Thumb, 100 bytes, Stack size 8 bytes, rt_memcpy_w.o(.text), UNUSED)

<P><STRONG><a name="[210]"></a>_memcpy_lastbytes_aligned</STRONG> (Thumb, 0 bytes, Stack size unknown bytes, rt_memcpy_w.o(.text), UNUSED)

<P><STRONG><a name="[ce]"></a>__aeabi_errno_addr</STRONG> (Thumb, 8 bytes, Stack size 0 bytes, rt_errno_addr_intlibspace.o(.text))
<BR><BR>[Called By]<UL><LI><a href="#[cf]">&gt;&gt;</a>&nbsp;&nbsp;&nbsp;__set_errno
<LI><a href="#[cd]">&gt;&gt;</a>&nbsp;&nbsp;&nbsp;__read_errno
</UL>

<P><STRONG><a name="[211]"></a>__errno$intlibspace</STRONG> (Thumb, 0 bytes, Stack size 0 bytes, rt_errno_addr_intlibspace.o(.text), UNUSED)

<P><STRONG><a name="[212]"></a>__rt_errno_addr$intlibspace</STRONG> (Thumb, 0 bytes, Stack size 0 bytes, rt_errno_addr_intlibspace.o(.text), UNUSED)

<P><STRONG><a name="[d1]"></a>ferror</STRONG> (Thumb, 8 bytes, Stack size 0 bytes, ferror.o(.text))
<BR><BR>[Called By]<UL><LI><a href="#[bd]">&gt;&gt;</a>&nbsp;&nbsp;&nbsp;_printf_char_file
</UL>

<P><STRONG><a name="[213]"></a>__user_libspace</STRONG> (Thumb, 8 bytes, Stack size 0 bytes, libspace.o(.text), UNUSED)

<P><STRONG><a name="[d2]"></a>__user_perproc_libspace</STRONG> (Thumb, 0 bytes, Stack size 0 bytes, libspace.o(.text))
<BR><BR>[Called By]<UL><LI><a href="#[b2]">&gt;&gt;</a>&nbsp;&nbsp;&nbsp;__user_setup_stackheap
</UL>

<P><STRONG><a name="[214]"></a>__user_perthread_libspace</STRONG> (Thumb, 0 bytes, Stack size 0 bytes, libspace.o(.text), UNUSED)

<P><STRONG><a name="[b2]"></a>__user_setup_stackheap</STRONG> (Thumb, 74 bytes, Stack size 8 bytes, sys_stackheap_outer.o(.text))
<BR><BR>[Stack]<UL><LI>Max Depth = 8<LI>Call Chain = __user_setup_stackheap
</UL>
<BR>[Calls]<UL><LI><a href="#[d3]">&gt;&gt;</a>&nbsp;&nbsp;&nbsp;__user_initial_stackheap
<LI><a href="#[d2]">&gt;&gt;</a>&nbsp;&nbsp;&nbsp;__user_perproc_libspace
</UL>
<BR>[Called By]<UL><LI><a href="#[b1]">&gt;&gt;</a>&nbsp;&nbsp;&nbsp;__rt_entry_sh
</UL>

<P><STRONG><a name="[b7]"></a>exit</STRONG> (Thumb, 18 bytes, Stack size 8 bytes, exit.o(.text))
<BR><BR>[Stack]<UL><LI>Max Depth = 8 + Unknown Stack Size
<LI>Call Chain = exit
</UL>
<BR>[Calls]<UL><LI><a href="#[d4]">&gt;&gt;</a>&nbsp;&nbsp;&nbsp;__rt_exit
</UL>
<BR>[Called By]<UL><LI><a href="#[b5]">&gt;&gt;</a>&nbsp;&nbsp;&nbsp;__rt_entry_main
</UL>

<P><STRONG><a name="[89]"></a>ADC_DMAConvCplt</STRONG> (Thumb, 98 bytes, Stack size 0 bytes, stm32u5xx_hal_adc.o(.text.ADC_DMAConvCplt))
<BR><BR>[Stack]<UL><LI>Max Depth = 128<LI>Call Chain = ADC_DMAConvCplt &rArr; HAL_ADC_ConvCpltCallback &rArr; osSemaphoreRelease &rArr; xQueueGenericSend &rArr; xTaskResumeAll &rArr; xTaskIncrementTick
</UL>
<BR>[Calls]<UL><LI><a href="#[d6]">&gt;&gt;</a>&nbsp;&nbsp;&nbsp;HAL_ADC_ConvCpltCallback
<LI><a href="#[d5]">&gt;&gt;</a>&nbsp;&nbsp;&nbsp;HAL_ADC_ErrorCallback
</UL>
<BR>[Address Reference Count : 1]<UL><LI> stm32u5xx_hal_adc.o(.text.HAL_ADC_Start_DMA)
</UL>
<P><STRONG><a name="[8b]"></a>ADC_DMAError</STRONG> (Thumb, 22 bytes, Stack size 0 bytes, stm32u5xx_hal_adc.o(.text.ADC_DMAError))
<BR><BR>[Calls]<UL><LI><a href="#[d5]">&gt;&gt;</a>&nbsp;&nbsp;&nbsp;HAL_ADC_ErrorCallback
</UL>
<BR>[Address Reference Count : 1]<UL><LI> stm32u5xx_hal_adc.o(.text.HAL_ADC_Start_DMA)
</UL>
<P><STRONG><a name="[8a]"></a>ADC_DMAHalfConvCplt</STRONG> (Thumb, 6 bytes, Stack size 0 bytes, stm32u5xx_hal_adc.o(.text.ADC_DMAHalfConvCplt))
<BR><BR>[Stack]<UL><LI>Max Depth = 128<LI>Call Chain = ADC_DMAHalfConvCplt &rArr; HAL_ADC_ConvHalfCpltCallback &rArr; osSemaphoreRelease &rArr; xQueueGenericSend &rArr; xTaskResumeAll &rArr; xTaskIncrementTick
</UL>
<BR>[Calls]<UL><LI><a href="#[d7]">&gt;&gt;</a>&nbsp;&nbsp;&nbsp;HAL_ADC_ConvHalfCpltCallback
</UL>
<BR>[Address Reference Count : 1]<UL><LI> stm32u5xx_hal_adc.o(.text.HAL_ADC_Start_DMA)
</UL>
<P><STRONG><a name="[d8]"></a>ADC_Enable</STRONG> (Thumb, 152 bytes, Stack size 16 bytes, stm32u5xx_hal_adc.o(.text.ADC_Enable))
<BR><BR>[Stack]<UL><LI>Max Depth = 16<LI>Call Chain = ADC_Enable
</UL>
<BR>[Calls]<UL><LI><a href="#[d9]">&gt;&gt;</a>&nbsp;&nbsp;&nbsp;HAL_GetTick
</UL>
<BR>[Called By]<UL><LI><a href="#[e9]">&gt;&gt;</a>&nbsp;&nbsp;&nbsp;HAL_ADC_Start_DMA
</UL>

<P><STRONG><a name="[4]"></a>BusFault_Handler</STRONG> (Thumb, 2 bytes, Stack size 0 bytes, stm32u5xx_it.o(.text.BusFault_Handler))
<BR><BR>[Calls]<UL><LI><a href="#[4]">&gt;&gt;</a>&nbsp;&nbsp;&nbsp;BusFault_Handler
</UL>
<BR>[Called By]<UL><LI><a href="#[4]">&gt;&gt;</a>&nbsp;&nbsp;&nbsp;BusFault_Handler
</UL>
<BR>[Address Reference Count : 1]<UL><LI> startup_stm32u575xx.o(RESET)
</UL>
<P><STRONG><a name="[8]"></a>DebugMon_Handler</STRONG> (Thumb, 2 bytes, Stack size 0 bytes, stm32u5xx_it.o(.text.DebugMon_Handler))
<BR>[Address Reference Count : 1]<UL><LI> startup_stm32u575xx.o(RESET)
</UL>
<P><STRONG><a name="[da]"></a>EmgSensor_GetFeatures</STRONG> (Thumb, 148 bytes, Stack size 8 bytes, emg_sensor.o(.text.EmgSensor_GetFeatures))
<BR><BR>[Stack]<UL><LI>Max Depth = 16<LI>Call Chain = EmgSensor_GetFeatures &rArr; vPortExitCritical
</UL>
<BR>[Calls]<UL><LI><a href="#[dc]">&gt;&gt;</a>&nbsp;&nbsp;&nbsp;vPortExitCritical
<LI><a href="#[db]">&gt;&gt;</a>&nbsp;&nbsp;&nbsp;vPortEnterCritical
</UL>
<BR>[Called By]<UL><LI><a href="#[95]">&gt;&gt;</a>&nbsp;&nbsp;&nbsp;StartDataStreamTask
<LI><a href="#[92]">&gt;&gt;</a>&nbsp;&nbsp;&nbsp;StartAlgoTask
</UL>

<P><STRONG><a name="[dd]"></a>EmgSensor_ProcessFullBuffer</STRONG> (Thumb, 6 bytes, Stack size 0 bytes, emg_sensor.o(.text.EmgSensor_ProcessFullBuffer))
<BR><BR>[Stack]<UL><LI>Max Depth = 112 + Unknown Stack Size
<LI>Call Chain = EmgSensor_ProcessFullBuffer &rArr; EmgSensor_ProcessRange &rArr; Rehab_MovingAverageInit
</UL>
<BR>[Calls]<UL><LI><a href="#[de]">&gt;&gt;</a>&nbsp;&nbsp;&nbsp;EmgSensor_ProcessRange
</UL>
<BR>[Called By]<UL><LI><a href="#[93]">&gt;&gt;</a>&nbsp;&nbsp;&nbsp;StartEmgTask
</UL>

<P><STRONG><a name="[df]"></a>EmgSensor_ProcessHalfBuffer</STRONG> (Thumb, 6 bytes, Stack size 0 bytes, emg_sensor.o(.text.EmgSensor_ProcessHalfBuffer))
<BR><BR>[Stack]<UL><LI>Max Depth = 112 + Unknown Stack Size
<LI>Call Chain = EmgSensor_ProcessHalfBuffer &rArr; EmgSensor_ProcessRange &rArr; Rehab_MovingAverageInit
</UL>
<BR>[Calls]<UL><LI><a href="#[de]">&gt;&gt;</a>&nbsp;&nbsp;&nbsp;EmgSensor_ProcessRange
</UL>
<BR>[Called By]<UL><LI><a href="#[93]">&gt;&gt;</a>&nbsp;&nbsp;&nbsp;StartEmgTask
</UL>

<P><STRONG><a name="[e6]"></a>EmgSensor_Start</STRONG> (Thumb, 114 bytes, Stack size 16 bytes, emg_sensor.o(.text.EmgSensor_Start))
<BR><BR>[Stack]<UL><LI>Max Depth = 168 + Unknown Stack Size
<LI>Call Chain = EmgSensor_Start &rArr; HAL_ADC_Start_DMA &rArr; ADC_Enable
</UL>
<BR>[Calls]<UL><LI><a href="#[e9]">&gt;&gt;</a>&nbsp;&nbsp;&nbsp;HAL_ADC_Start_DMA
<LI><a href="#[e8]">&gt;&gt;</a>&nbsp;&nbsp;&nbsp;HAL_TIM_Base_Start
<LI><a href="#[e7]">&gt;&gt;</a>&nbsp;&nbsp;&nbsp;__aeabi_memclr4
</UL>
<BR>[Called By]<UL><LI><a href="#[93]">&gt;&gt;</a>&nbsp;&nbsp;&nbsp;StartEmgTask
</UL>

<P><STRONG><a name="[f3]"></a>Error_Handler</STRONG> (Thumb, 6 bytes, Stack size 0 bytes, main.o(.text.Error_Handler))
<BR><BR>[Called By]<UL><LI><a href="#[14d]">&gt;&gt;</a>&nbsp;&nbsp;&nbsp;HAL_UART_MspInit
<LI><a href="#[133]">&gt;&gt;</a>&nbsp;&nbsp;&nbsp;HAL_SPI_MspInit
<LI><a href="#[10a]">&gt;&gt;</a>&nbsp;&nbsp;&nbsp;HAL_I2C_MspInit
<LI><a href="#[f0]">&gt;&gt;</a>&nbsp;&nbsp;&nbsp;HAL_ADC_MspInit
<LI><a href="#[17d]">&gt;&gt;</a>&nbsp;&nbsp;&nbsp;MX_UART4_Init
<LI><a href="#[182]">&gt;&gt;</a>&nbsp;&nbsp;&nbsp;MX_USART2_UART_Init
<LI><a href="#[181]">&gt;&gt;</a>&nbsp;&nbsp;&nbsp;MX_USART1_UART_Init
<LI><a href="#[179]">&gt;&gt;</a>&nbsp;&nbsp;&nbsp;MX_SPI3_Init
<LI><a href="#[173]">&gt;&gt;</a>&nbsp;&nbsp;&nbsp;MX_I2C2_Init
<LI><a href="#[170]">&gt;&gt;</a>&nbsp;&nbsp;&nbsp;MX_I2C1_Init
<LI><a href="#[17a]">&gt;&gt;</a>&nbsp;&nbsp;&nbsp;MX_TIM3_Init
<LI><a href="#[177]">&gt;&gt;</a>&nbsp;&nbsp;&nbsp;MX_SPI1_Init
<LI><a href="#[168]">&gt;&gt;</a>&nbsp;&nbsp;&nbsp;MX_ADC1_Init
<LI><a href="#[174]">&gt;&gt;</a>&nbsp;&nbsp;&nbsp;MX_ICACHE_Init
</UL>

<P><STRONG><a name="[27]"></a>GPDMA1_Channel0_IRQHandler</STRONG> (Thumb, 12 bytes, Stack size 0 bytes, stm32u5xx_it.o(.text.GPDMA1_Channel0_IRQHandler))
[...]
<BR><BR>[Called By]<UL><LI><a href="#[160]">&gt;&gt;</a>&nbsp;&nbsp;&nbsp;__hardfp_atan2f
<LI><a href="#[161]">&gt;&gt;</a>&nbsp;&nbsp;&nbsp;__hardfp_asinf
</UL>

<P><STRONG><a name="[161]"></a>__hardfp_asinf</STRONG> (Thumb, 258 bytes, Stack size 16 bytes, asinf.o(i.__hardfp_asinf))
<BR><BR>[Stack]<UL><LI>Max Depth = 40<LI>Call Chain = __hardfp_asinf &rArr; sqrtf &rArr; __set_errno
</UL>
<BR>[Calls]<UL><LI><a href="#[1d7]">&gt;&gt;</a>&nbsp;&nbsp;&nbsp;sqrtf
<LI><a href="#[1d9]">&gt;&gt;</a>&nbsp;&nbsp;&nbsp;__mathlib_flt_underflow
<LI><a href="#[1db]">&gt;&gt;</a>&nbsp;&nbsp;&nbsp;__mathlib_flt_invalid
<LI><a href="#[1da]">&gt;&gt;</a>&nbsp;&nbsp;&nbsp;__mathlib_flt_infnan
<LI><a href="#[1d8]">&gt;&gt;</a>&nbsp;&nbsp;&nbsp;__ARM_fpclassifyf
<LI><a href="#[cf]">&gt;&gt;</a>&nbsp;&nbsp;&nbsp;__set_errno
</UL>
<BR>[Called By]<UL><LI><a href="#[15f]">&gt;&gt;</a>&nbsp;&nbsp;&nbsp;IMUProc_AttitudeUpdate6Axis
</UL>

<P><STRONG><a name="[160]"></a>__hardfp_atan2f</STRONG> (Thumb, 594 bytes, Stack size 32 bytes, atan2f.o(i.__hardfp_atan2f))
<BR><BR>[Stack]<UL><LI>Max Depth = 40<LI>Call Chain = __hardfp_atan2f &rArr; __set_errno
</UL>
<BR>[Calls]<UL><LI><a href="#[1d9]">&gt;&gt;</a>&nbsp;&nbsp;&nbsp;__mathlib_flt_underflow
<LI><a href="#[1dc]">&gt;&gt;</a>&nbsp;&nbsp;&nbsp;__mathlib_flt_infnan2
<LI><a href="#[1d8]">&gt;&gt;</a>&nbsp;&nbsp;&nbsp;__ARM_fpclassifyf
<LI><a href="#[cf]">&gt;&gt;</a>&nbsp;&nbsp;&nbsp;__set_errno
</UL>
<BR>[Called By]<UL><LI><a href="#[15f]">&gt;&gt;</a>&nbsp;&nbsp;&nbsp;IMUProc_AttitudeUpdate6Axis
</UL>

<P><STRONG><a name="[1da]"></a>__mathlib_flt_infnan</STRONG> (Thumb, 6 bytes, Stack size 0 bytes, funder.o(i.__mathlib_flt_infnan))
<BR><BR>[Called By]<UL><LI><a href="#[161]">&gt;&gt;</a>&nbsp;&nbsp;&nbsp;__hardfp_asinf
</UL>

<P><STRONG><a name="[1dc]"></a>__mathlib_flt_infnan2</STRONG> (Thumb, 6 bytes, Stack size 0 bytes, funder.o(i.__mathlib_flt_infnan2))
<BR><BR>[Called By]<UL><LI><a href="#[160]">&gt;&gt;</a>&nbsp;&nbsp;&nbsp;__hardfp_atan2f
</UL>

<P><STRONG><a name="[1db]"></a>__mathlib_flt_invalid</STRONG> (Thumb, 10 bytes, Stack size 0 bytes, funder.o(i.__mathlib_flt_invalid))
<BR><BR>[Called By]<UL><LI><a href="#[161]">&gt;&gt;</a>&nbsp;&nbsp;&nbsp;__hardfp_asinf
</UL>

<P><STRONG><a name="[1d9]"></a>__mathlib_flt_underflow</STRONG> (Thumb, 10 bytes, Stack size 0 bytes, funder.o(i.__mathlib_flt_underflow))
<BR><BR>[Called By]<UL><LI><a href="#[160]">&gt;&gt;</a>&nbsp;&nbsp;&nbsp;__hardfp_atan2f
<LI><a href="#[161]">&gt;&gt;</a>&nbsp;&nbsp;&nbsp;__hardfp_asinf
</UL>

<P><STRONG><a name="[c5]"></a>_is_digit</STRONG> (Thumb, 14 bytes, Stack size 0 bytes, __printf_wp.o(i._is_digit))
<BR><BR>[Called By]<UL><LI><a href="#[c4]">&gt;&gt;</a>&nbsp;&nbsp;&nbsp;__printf
</UL>

<P><STRONG><a name="[1d7]"></a>sqrtf</STRONG> (Thumb, 62 bytes, Stack size 16 bytes, sqrtf.o(i.sqrtf))
<BR><BR>[Stack]<UL><LI>Max Depth = 24<LI>Call Chain = sqrtf &rArr; __set_errno
</UL>
<BR>[Calls]<UL><LI><a href="#[cf]">&gt;&gt;</a>&nbsp;&nbsp;&nbsp;__set_errno
</UL>
<BR>[Called By]<UL><LI><a href="#[161]">&gt;&gt;</a>&nbsp;&nbsp;&nbsp;__hardfp_asinf
</UL>

<P><STRONG><a name="[e3]"></a>__aeabi_ul2f</STRONG> (Thumb, 0 bytes, Stack size 0 bytes, ffltll_clz.o(x$fpl$ffltll))
<BR><BR>[Called By]<UL><LI><a href="#[de]">&gt;&gt;</a>&nbsp;&nbsp;&nbsp;EmgSensor_ProcessRange
</UL>

<P><STRONG><a name="[215]"></a>_ll_uto_f</STRONG> (Thumb, 6 bytes, Stack size 0 bytes, ffltll_clz.o(x$fpl$ffltll), UNUSED)

<P><STRONG><a name="[216]"></a>__aeabi_l2f</STRONG> (Thumb, 0 bytes, Stack size 0 bytes, ffltll_clz.o(x$fpl$ffltll), UNUSED)

<P><STRONG><a name="[217]"></a>_ll_sto_f</STRONG> (Thumb, 90 bytes, Stack size 0 bytes, ffltll_clz.o(x$fpl$ffltll), UNUSED)

<P><STRONG><a name="[b0]"></a>_fp_init</STRONG> (Thumb, 26 bytes, Stack size 0 bytes, fpinit.o(x$fpl$fpinit))
<BR><BR>[Called By]<UL><LI><a href="#[af]">&gt;&gt;</a>&nbsp;&nbsp;&nbsp;__rt_lib_init_fp_1
</UL>

<P><STRONG><a name="[218]"></a>__fplib_config_fpu_vfp</STRONG> (Thumb, 0 bytes, Stack size unknown bytes, fpinit.o(x$fpl$fpinit), UNUSED)

<P><STRONG><a name="[219]"></a>__fplib_config_pureend_doubles</STRONG> (Thumb, 0 bytes, Stack size unknown bytes, fpinit.o(x$fpl$fpinit), UNUSED)
<P>
<H3>
Local Symbols
</H3>
<P><STRONG><a name="[165]"></a>LSM6DSR_WriteReg</STRONG> (Thumb, 66 bytes, Stack size 24 bytes, lsm6dsr.o(.text.LSM6DSR_WriteReg))
<BR><BR>[Stack]<UL><LI>Max Depth = 56<LI>Call Chain = LSM6DSR_WriteReg &rArr; HAL_SPI_Transmit
</UL>
<BR>[Calls]<UL><LI><a href="#[135]">&gt;&gt;</a>&nbsp;&nbsp;&nbsp;HAL_SPI_Transmit
<LI><a href="#[12b]">&gt;&gt;</a>&nbsp;&nbsp;&nbsp;HAL_GPIO_WritePin
</UL>
<BR>[Called By]<UL><LI><a href="#[164]">&gt;&gt;</a>&nbsp;&nbsp;&nbsp;LSM6DSR_Init
</UL>

<P><STRONG><a name="[de]"></a>EmgSensor_ProcessRange</STRONG> (Thumb, 436 bytes, Stack size 104 bytes, emg_sensor.o(.text.EmgSensor_ProcessRange))
<BR><BR>[Stack]<UL><LI>Max Depth = 112 + Unknown Stack Size
<LI>Call Chain = EmgSensor_ProcessRange &rArr; Rehab_MovingAverageInit
</UL>
<BR>[Calls]<UL><LI><a href="#[e5]">&gt;&gt;</a>&nbsp;&nbsp;&nbsp;Rehab_MovingAverageInit
<LI><a href="#[e4]">&gt;&gt;</a>&nbsp;&nbsp;&nbsp;Rehab_FirstOrderFilterInit
<LI><a href="#[e2]">&gt;&gt;</a>&nbsp;&nbsp;&nbsp;Rehab_ClampFloat
<LI><a href="#[e1]">&gt;&gt;</a>&nbsp;&nbsp;&nbsp;Rehab_MovingAverageUpdate
<LI><a href="#[e0]">&gt;&gt;</a>&nbsp;&nbsp;&nbsp;Rehab_FirstOrderFilterUpdate
<LI><a href="#[e3]">&gt;&gt;</a>&nbsp;&nbsp;&nbsp;__aeabi_ul2f
</UL>
<BR>[Called By]<UL><LI><a href="#[dd]">&gt;&gt;</a>&nbsp;&nbsp;&nbsp;EmgSensor_ProcessFullBuffer
<LI><a href="#[df]">&gt;&gt;</a>&nbsp;&nbsp;&nbsp;EmgSensor_ProcessHalfBuffer
</UL>

<P><STRONG><a name="[ed]"></a>LL_ADC_REG_SetSequencerRanks</STRONG> (Thumb, 100 bytes, Stack size 8 bytes, stm32u5xx_hal_adc.o(.text.LL_ADC_REG_SetSequencerRanks))
<BR><BR>[Stack]<UL><LI>Max Depth = 8<LI>Call Chain = LL_ADC_REG_SetSequencerRanks
</UL>
<BR>[Called By]<UL><LI><a href="#[eb]">&gt;&gt;</a>&nbsp;&nbsp;&nbsp;HAL_ADC_ConfigChannel
</UL>

<P><STRONG><a name="[fe]"></a>DMA_List_CheckNodesBaseAddresses</STRONG> (Thumb, 30 bytes, Stack size 0 bytes, stm32u5xx_hal_dma_ex.o(.text.DMA_List_CheckNodesBaseAddresses))
<BR><BR>[Called By]<UL><LI><a href="#[f6]">&gt;&gt;</a>&nbsp;&nbsp;&nbsp;HAL_DMAEx_List_InsertNode
</UL>

<P><STRONG><a name="[ff]"></a>DMA_List_FindNode</STRONG> (Thumb, 466 bytes, Stack size 28 bytes, stm32u5xx_hal_dma_ex.o(.text.DMA_List_FindNode))
<BR><BR>[Stack]<UL><LI>Max Depth = 28<LI>Call Chain = DMA_List_FindNode
</UL>
<BR>[Called By]<UL><LI><a href="#[f6]">&gt;&gt;</a>&nbsp;&nbsp;&nbsp;HAL_DMAEx_List_InsertNode
</UL>

<P><STRONG><a name="[106]"></a>I2C_ITError</STRONG> (Thumb, 382 bytes, Stack size 8 bytes, stm32u5xx_hal_i2c.o(.text.I2C_ITError))
<BR><BR>[Stack]<UL><LI>Max Depth = 8<LI>Call Chain = I2C_ITError
</UL>
<BR>[Calls]<UL><LI><a href="#[107]">&gt;&gt;</a>&nbsp;&nbsp;&nbsp;HAL_I2C_ErrorCallback
<LI><a href="#[157]">&gt;&gt;</a>&nbsp;&nbsp;&nbsp;HAL_I2C_AbortCpltCallback
<LI><a href="#[159]">&gt;&gt;</a>&nbsp;&nbsp;&nbsp;HAL_DMA_GetState
<LI><a href="#[112]">&gt;&gt;</a>&nbsp;&nbsp;&nbsp;HAL_DMA_Abort_IT
</UL>
<BR>[Called By]<UL><LI><a href="#[105]">&gt;&gt;</a>&nbsp;&nbsp;&nbsp;HAL_I2C_ER_IRQHandler
<LI><a href="#[15a]">&gt;&gt;</a>&nbsp;&nbsp;&nbsp;I2C_ITSlaveCplt
<LI><a href="#[8c]">&gt;&gt;</a>&nbsp;&nbsp;&nbsp;I2C_Slave_ISR_IT
</UL>

<P><STRONG><a name="[8c]"></a>I2C_Slave_ISR_IT</STRONG> (Thumb, 536 bytes, Stack size 8 bytes, stm32u5xx_hal_i2c.o(.text.I2C_Slave_ISR_IT))
<BR><BR>[Stack]<UL><LI>Max Depth = 40<LI>Call Chain = I2C_Slave_ISR_IT &rArr; I2C_ITAddrCplt &rArr; HAL_I2C_AddrCallback &rArr; VoiceI2C_HandleAddrCallback &rArr; HAL_I2C_Slave_Seq_Receive_IT
</UL>
<BR>[Calls]<UL><LI><a href="#[10b]">&gt;&gt;</a>&nbsp;&nbsp;&nbsp;HAL_I2C_ListenCpltCallback
<LI><a href="#[10f]">&gt;&gt;</a>&nbsp;&nbsp;&nbsp;HAL_I2C_SlaveRxCpltCallback
<LI><a href="#[15c]">&gt;&gt;</a>&nbsp;&nbsp;&nbsp;HAL_I2C_SlaveTxCpltCallback
<LI><a href="#[15d]">&gt;&gt;</a>&nbsp;&nbsp;&nbsp;I2C_ITSlaveSeqCplt
<LI><a href="#[158]">&gt;&gt;</a>&nbsp;&nbsp;&nbsp;I2C_ITAddrCplt
<LI><a href="#[15a]">&gt;&gt;</a>&nbsp;&nbsp;&nbsp;I2C_ITSlaveCplt
<LI><a href="#[106]">&gt;&gt;</a>&nbsp;&nbsp;&nbsp;I2C_ITError
</UL>
<BR>[Address Reference Count : 3]<UL><LI> stm32u5xx_hal_i2c.o(.text.HAL_I2C_Slave_Seq_Receive_IT)
<LI> stm32u5xx_hal_i2c.o(.text.HAL_I2C_EnableListen_IT)
<LI> stm32u5xx_hal_i2c.o(.text.I2C_ITError)
</UL>
<P><STRONG><a name="[15a]"></a>I2C_ITSlaveCplt</STRONG> (Thumb, 942 bytes, Stack size 24 bytes, stm32u5xx_hal_i2c.o(.text.I2C_ITSlaveCplt))
<BR><BR>[Stack]<UL><LI>Max Depth = 32<LI>Call Chain = I2C_ITSlaveCplt &rArr; I2C_ITError
</UL>
<BR>[Calls]<UL><LI><a href="#[10b]">&gt;&gt;</a>&nbsp;&nbsp;&nbsp;HAL_I2C_ListenCpltCallback
<LI><a href="#[10f]">&gt;&gt;</a>&nbsp;&nbsp;&nbsp;HAL_I2C_SlaveRxCpltCallback
<LI><a href="#[15c]">&gt;&gt;</a>&nbsp;&nbsp;&nbsp;HAL_I2C_SlaveTxCpltCallback
<LI><a href="#[106]">&gt;&gt;</a>&nbsp;&nbsp;&nbsp;I2C_ITError
<LI><a href="#[15b]">&gt;&gt;</a>&nbsp;&nbsp;&nbsp;HAL_DMAEx_GetFifoLevel
</UL>
<BR>[Called By]<UL><LI><a href="#[8c]">&gt;&gt;</a>&nbsp;&nbsp;&nbsp;I2C_Slave_ISR_IT
</UL>

<P><STRONG><a name="[158]"></a>I2C_ITAddrCplt</STRONG> (Thumb, 162 bytes, Stack size 8 bytes, stm32u5xx_hal_i2c.o(.text.I2C_ITAddrCplt))
<BR><BR>[Stack]<UL><LI>Max Depth = 32<LI>Call Chain = I2C_ITAddrCplt &rArr; HAL_I2C_AddrCallback &rArr; VoiceI2C_HandleAddrCallback &rArr; HAL_I2C_Slave_Seq_Receive_IT
</UL>
<BR>[Calls]<UL><LI><a href="#[103]">&gt;&gt;</a>&nbsp;&nbsp;&nbsp;HAL_I2C_AddrCallback
</UL>
<BR>[Called By]<UL><LI><a href="#[8c]">&gt;&gt;</a>&nbsp;&nbsp;&nbsp;I2C_Slave_ISR_IT
</UL>

<P><STRONG><a name="[15d]"></a>I2C_ITSlaveSeqCplt</STRONG> (Thumb, 148 bytes, Stack size 0 bytes, stm32u5xx_hal_i2c.o(.text.I2C_ITSlaveSeqCplt))
<BR><BR>[Calls]<UL><LI><a href="#[10f]">&gt;&gt;</a>&nbsp;&nbsp;&nbsp;HAL_I2C_SlaveRxCpltCallback
<LI><a href="#[15c]">&gt;&gt;</a>&nbsp;&nbsp;&nbsp;HAL_I2C_SlaveTxCpltCallback
</UL>
<BR>[Called By]<UL><LI><a href="#[8c]">&gt;&gt;</a>&nbsp;&nbsp;&nbsp;I2C_Slave_ISR_IT
</UL>

<P><STRONG><a name="[8d]"></a>I2C_DMAAbort</STRONG> (Thumb, 60 bytes, Stack size 0 bytes, stm32u5xx_hal_i2c.o(.text.I2C_DMAAbort))
<BR><BR>[Calls]<UL><LI><a href="#[107]">&gt;&gt;</a>&nbsp;&nbsp;&nbsp;HAL_I2C_ErrorCallback
<LI><a href="#[157]">&gt;&gt;</a>&nbsp;&nbsp;&nbsp;HAL_I2C_AbortCpltCallback
</UL>
<BR>[Address Reference Count : 2]<UL><LI> stm32u5xx_hal_i2c.o(.text.HAL_I2C_Slave_Seq_Receive_IT)
<LI> stm32u5xx_hal_i2c.o(.text.I2C_ITError)
</UL>
<P><STRONG><a name="[125]"></a>RCCEx_PLL2_Config</STRONG> (Thumb, 242 bytes, Stack size 16 bytes, stm32u5xx_hal_rcc_ex.o(.text.RCCEx_PLL2_Config))
<BR><BR>[Stack]<UL><LI>Max Depth = 16<LI>Call Chain = RCCEx_PLL2_Config
</UL>
<BR>[Calls]<UL><LI><a href="#[d9]">&gt;&gt;</a>&nbsp;&nbsp;&nbsp;HAL_GetTick
</UL>
<BR>[Called By]<UL><LI><a href="#[f2]">&gt;&gt;</a>&nbsp;&nbsp;&nbsp;HAL_RCCEx_PeriphCLKConfig
</UL>

<P><STRONG><a name="[126]"></a>RCCEx_PLL3_Config</STRONG> (Thumb, 242 bytes, Stack size 16 bytes, stm32u5xx_hal_rcc_ex.o(.text.RCCEx_PLL3_Config))
<BR><BR>[Stack]<UL><LI>Max Depth = 16<LI>Call Chain = RCCEx_PLL3_Config
</UL>
<BR>[Calls]<UL><LI><a href="#[d9]">&gt;&gt;</a>&nbsp;&nbsp;&nbsp;HAL_GetTick
</UL>
<BR>[Called By]<UL><LI><a href="#[f2]">&gt;&gt;</a>&nbsp;&nbsp;&nbsp;HAL_RCCEx_PeriphCLKConfig
</UL>

<P><STRONG><a name="[12e]"></a>SPI_CloseTransfer</STRONG> (Thumb, 208 bytes, Stack size 0 bytes, stm32u5xx_hal_spi.o(.text.SPI_CloseTransfer))
<BR><BR>[Called By]<UL><LI><a href="#[12c]">&gt;&gt;</a>&nbsp;&nbsp;&nbsp;HAL_SPI_IRQHandler
<LI><a href="#[134]">&gt;&gt;</a>&nbsp;&nbsp;&nbsp;HAL_SPI_Receive
<LI><a href="#[135]">&gt;&gt;</a>&nbsp;&nbsp;&nbsp;HAL_SPI_Transmit
</UL>

<P><STRONG><a name="[8e]"></a>SPI_DMAAbortOnError</STRONG> (Thumb, 22 bytes, Stack size 0 bytes, stm32u5xx_hal_spi.o(.text.SPI_DMAAbortOnError))
<BR><BR>[Stack]<UL><LI>Max Depth = 136<LI>Call Chain = SPI_DMAAbortOnError &rArr; HAL_SPI_ErrorCallback &rArr; osSemaphoreRelease &rArr; xQueueGenericSend &rArr; xTaskResumeAll &rArr; xTaskIncrementTick
</UL>
<BR>[Calls]<UL><LI><a href="#[12a]">&gt;&gt;</a>&nbsp;&nbsp;&nbsp;HAL_SPI_ErrorCallback
</UL>
<BR>[Address Reference Count : 1]<UL><LI> stm32u5xx_hal_spi.o(.text.HAL_SPI_IRQHandler)
</UL>
<P><STRONG><a name="[9b]"></a>UART_RxISR_8BIT</STRONG> (Thumb, 446 bytes, Stack size 0 bytes, stm32u5xx_hal_uart.o(.text.UART_RxISR_8BIT))
<BR><BR>[Stack]<UL><LI>Max Depth = 104<LI>Call Chain = UART_RxISR_8BIT &rArr; HAL_UART_RxCpltCallback &rArr; WirelessLink_PushByte
</UL>
<BR>[Calls]<UL><LI><a href="#[153]">&gt;&gt;</a>&nbsp;&nbsp;&nbsp;HAL_UART_RxCpltCallback
<LI><a href="#[148]">&gt;&gt;</a>&nbsp;&nbsp;&nbsp;HAL_UARTEx_RxEventCallback
</UL>
<BR>[Address Reference Count : 2]<UL><LI> stm32u5xx_hal_uart.o(.text.UART_Start_Receive_IT)
<LI> stm32u5xx_hal_uart.o(.text.UART_RxISR_8BIT_FIFOEN)
</UL>
<P><STRONG><a name="[9c]"></a>UART_RxISR_8BIT_FIFOEN</STRONG> (Thumb, 808 bytes, Stack size 40 bytes, stm32u5xx_hal_uart.o(.text.UART_RxISR_8BIT_FIFOEN))
<BR><BR>[Stack]<UL><LI>Max Depth = 144<LI>Call Chain = UART_RxISR_8BIT_FIFOEN &rArr; HAL_UART_RxCpltCallback &rArr; WirelessLink_PushByte
</UL>
<BR>[Calls]<UL><LI><a href="#[153]">&gt;&gt;</a>&nbsp;&nbsp;&nbsp;HAL_UART_RxCpltCallback
<LI><a href="#[148]">&gt;&gt;</a>&nbsp;&nbsp;&nbsp;HAL_UARTEx_RxEventCallback
<LI><a href="#[14b]">&gt;&gt;</a>&nbsp;&nbsp;&nbsp;HAL_UART_ErrorCallback
</UL>
<BR>[Address Reference Count : 1]<UL><LI> stm32u5xx_hal_uart.o(.text.UART_Start_Receive_IT)
</UL>
<P><STRONG><a name="[9a]"></a>UART_RxISR_16BIT</STRONG> (Thumb, 442 bytes, Stack size 0 bytes, stm32u5xx_hal_uart.o(.text.UART_RxISR_16BIT))
<BR><BR>[Stack]<UL><LI>Max Depth = 104<LI>Call Chain = UART_RxISR_16BIT &rArr; HAL_UART_RxCpltCallback &rArr; WirelessLink_PushByte
</UL>
<BR>[Calls]<UL><LI><a href="#[153]">&gt;&gt;</a>&nbsp;&nbsp;&nbsp;HAL_UART_RxCpltCallback
<LI><a href="#[148]">&gt;&gt;</a>&nbsp;&nbsp;&nbsp;HAL_UARTEx_RxEventCallback
</UL>
<BR>[Address Reference Count : 2]<UL><LI> stm32u5xx_hal_uart.o(.text.UART_Start_Receive_IT)
<LI> stm32u5xx_hal_uart.o(.text.UART_RxISR_16BIT_FIFOEN)
</UL>
<P><STRONG><a name="[9d]"></a>UART_RxISR_16BIT_FIFOEN</STRONG> (Thumb, 804 bytes, Stack size 40 bytes, stm32u5xx_hal_uart.o(.text.UART_RxISR_16BIT_FIFOEN))
<BR><BR>[Stack]<UL><LI>Max Depth = 144<LI>Call Chain = UART_RxISR_16BIT_FIFOEN &rArr; HAL_UART_RxCpltCallback &rArr; WirelessLink_PushByte
</UL>
<BR>[Calls]<UL><LI><a href="#[153]">&gt;&gt;</a>&nbsp;&nbsp;&nbsp;HAL_UART_RxCpltCallback
<LI><a href="#[148]">&gt;&gt;</a>&nbsp;&nbsp;&nbsp;HAL_UARTEx_RxEventCallback
<LI><a href="#[14b]">&gt;&gt;</a>&nbsp;&nbsp;&nbsp;HAL_UART_ErrorCallback
</UL>
<BR>[Address Reference Count : 1]<UL><LI> stm32u5xx_hal_uart.o(.text.UART_Start_Receive_IT)
</UL>
<P><STRONG><a name="[8f]"></a>UART_DMAAbortOnError</STRONG> (Thumb, 12 bytes, Stack size 0 bytes, stm32u5xx_hal_uart.o(.text.UART_DMAAbortOnError))
<BR><BR>[Calls]<UL><LI><a href="#[14b]">&gt;&gt;</a>&nbsp;&nbsp;&nbsp;HAL_UART_ErrorCallback
</UL>
<BR>[Address Reference Count : 1]<UL><LI> stm32u5xx_hal_uart.o(.text.HAL_UART_IRQHandler)
</UL>
<P><STRONG><a name="[1bf]"></a>prvUnlockQueue</STRONG> (Thumb, 116 bytes, Stack size 24 bytes, queue.o(.text.prvUnlockQueue))
<BR><BR>[Stack]<UL><LI>Max Depth = 40<LI>Call Chain = prvUnlockQueue &rArr; xTaskRemoveFromEventList
</UL>
<BR>[Calls]<UL><LI><a href="#[dc]">&gt;&gt;</a>&nbsp;&nbsp;&nbsp;vPortExitCritical
<LI><a href="#[db]">&gt;&gt;</a>&nbsp;&nbsp;&nbsp;vPortEnterCritical
<LI><a href="#[1c1]">&gt;&gt;</a>&nbsp;&nbsp;&nbsp;vTaskMissedYield
<LI><a href="#[1c0]">&gt;&gt;</a>&nbsp;&nbsp;&nbsp;xTaskRemoveFromEventList
</UL>
<BR>[Called By]<UL><LI><a href="#[1bd]">&gt;&gt;</a>&nbsp;&nbsp;&nbsp;vQueueWaitForMessageRestricted
<LI><a href="#[1be]">&gt;&gt;</a>&nbsp;&nbsp;&nbsp;xQueueReceive
<LI><a href="#[1a8]">&gt;&gt;</a>&nbsp;&nbsp;&nbsp;xQueueSemaphoreTake
<LI><a href="#[1aa]">&gt;&gt;</a>&nbsp;&nbsp;&nbsp;xQueueGenericSend
</UL>

<P><STRONG><a name="[1b7]"></a>prvInitialiseNewTask</STRONG> (Thumb, 246 bytes, Stack size 32 bytes, tasks.o(.text.prvInitialiseNewTask))
<BR><BR>[Stack]<UL><LI>Max Depth = 48<LI>Call Chain = prvInitialiseNewTask &rArr; pxPortInitialiseStack
</UL>
<BR>[Calls]<UL><LI><a href="#[1b8]">&gt;&gt;</a>&nbsp;&nbsp;&nbsp;vListInitialiseItem
<LI><a href="#[1b6]">&gt;&gt;</a>&nbsp;&nbsp;&nbsp;ulSetInterruptMask
<LI><a href="#[ca]">&gt;&gt;</a>&nbsp;&nbsp;&nbsp;__aeabi_memset4
<LI><a href="#[1b9]">&gt;&gt;</a>&nbsp;&nbsp;&nbsp;pxPortInitialiseStack
</UL>
<BR>[Called By]<UL><LI><a href="#[1a2]">&gt;&gt;</a>&nbsp;&nbsp;&nbsp;vTaskStartScheduler
<LI><a href="#[1b0]">&gt;&gt;</a>&nbsp;&nbsp;&nbsp;xTaskCreate
<LI><a href="#[1af]">&gt;&gt;</a>&nbsp;&nbsp;&nbsp;xTaskCreateStatic
</UL>

<P><STRONG><a name="[1b1]"></a>prvAddNewTaskToReadyList</STRONG> (Thumb, 678 bytes, Stack size 32 bytes, tasks.o(.text.prvAddNewTaskToReadyList))
<BR><BR>[Stack]<UL><LI>Max Depth = 40<LI>Call Chain = prvAddNewTaskToReadyList &rArr; vPortExitCritical
</UL>
<BR>[Calls]<UL><LI><a href="#[dc]">&gt;&gt;</a>&nbsp;&nbsp;&nbsp;vPortExitCritical
<LI><a href="#[db]">&gt;&gt;</a>&nbsp;&nbsp;&nbsp;vPortEnterCritical
<LI><a href="#[1b3]">&gt;&gt;</a>&nbsp;&nbsp;&nbsp;vPortYield
<LI><a href="#[1b2]">&gt;&gt;</a>&nbsp;&nbsp;&nbsp;vListInitialise
</UL>
<BR>[Called By]<UL><LI><a href="#[1a2]">&gt;&gt;</a>&nbsp;&nbsp;&nbsp;vTaskStartScheduler
<LI><a href="#[1b0]">&gt;&gt;</a>&nbsp;&nbsp;&nbsp;xTaskCreate
<LI><a href="#[1af]">&gt;&gt;</a>&nbsp;&nbsp;&nbsp;xTaskCreateStatic
</UL>

<P><STRONG><a name="[9f]"></a>prvIdleTask</STRONG> (Thumb, 102 bytes, Stack size 0 bytes, tasks.o(.text.prvIdleTask))
<BR><BR>[Stack]<UL><LI>Max Depth = 80<LI>Call Chain = prvIdleTask &rArr; vPortFree &rArr; xTaskResumeAll &rArr; xTaskIncrementTick
</UL>
<BR>[Calls]<UL><LI><a href="#[dc]">&gt;&gt;</a>&nbsp;&nbsp;&nbsp;vPortExitCritical
<LI><a href="#[db]">&gt;&gt;</a>&nbsp;&nbsp;&nbsp;vPortEnterCritical
<LI><a href="#[1b5]">&gt;&gt;</a>&nbsp;&nbsp;&nbsp;uxListRemove
<LI><a href="#[1b4]">&gt;&gt;</a>&nbsp;&nbsp;&nbsp;vPortFree
<LI><a href="#[1b3]">&gt;&gt;</a>&nbsp;&nbsp;&nbsp;vPortYield
<LI><a href="#[1b6]">&gt;&gt;</a>&nbsp;&nbsp;&nbsp;ulSetInterruptMask
</UL>
<BR>[Address Reference Count : 1]<UL><LI> tasks.o(.text.vTaskStartScheduler)
</UL>
<P><STRONG><a name="[a0]"></a>prvTimerTask</STRONG> (Thumb, 806 bytes, Stack size 16 bytes, timers.o(.text.prvTimerTask))
<BR><BR>[Stack]<UL><LI>Max Depth = 128<LI>Call Chain = prvTimerTask &rArr; xQueueReceive &rArr; xTaskResumeAll &rArr; xTaskIncrementTick
</UL>
<BR>[Calls]<UL><LI><a href="#[1a1]">&gt;&gt;</a>&nbsp;&nbsp;&nbsp;xTaskGetTickCount
<LI><a href="#[1bd]">&gt;&gt;</a>&nbsp;&nbsp;&nbsp;vQueueWaitForMessageRestricted
<LI><a href="#[1be]">&gt;&gt;</a>&nbsp;&nbsp;&nbsp;xQueueReceive
<LI><a href="#[1b5]">&gt;&gt;</a>&nbsp;&nbsp;&nbsp;uxListRemove
<LI><a href="#[1bc]">&gt;&gt;</a>&nbsp;&nbsp;&nbsp;vListInsert
<LI><a href="#[1b4]">&gt;&gt;</a>&nbsp;&nbsp;&nbsp;vPortFree
<LI><a href="#[1b3]">&gt;&gt;</a>&nbsp;&nbsp;&nbsp;vPortYield
<LI><a href="#[1bb]">&gt;&gt;</a>&nbsp;&nbsp;&nbsp;xTaskResumeAll
<LI><a href="#[1ba]">&gt;&gt;</a>&nbsp;&nbsp;&nbsp;vTaskSuspendAll
<LI><a href="#[1b6]">&gt;&gt;</a>&nbsp;&nbsp;&nbsp;ulSetInterruptMask
</UL>
<BR>[Address Reference Count : 1]<UL><LI> timers.o(.text.xTimerCreateTimerTask)
</UL>
<P><STRONG><a name="[9e]"></a>prvTaskExitError</STRONG> (Thumb, 54 bytes, Stack size 16 bytes, port.o(.text.prvTaskExitError))
<BR><BR>[Stack]<UL><LI>Max Depth = 16<LI>Call Chain = prvTaskExitError
</UL>
<BR>[Calls]<UL><LI><a href="#[1b6]">&gt;&gt;</a>&nbsp;&nbsp;&nbsp;ulSetInterruptMask
</UL>
<BR>[Address Reference Count : 1]<UL><LI> port.o(.text.pxPortInitialiseStack)
</UL>
<P><STRONG><a name="[87]"></a>_printf_input_char</STRONG> (Thumb, 10 bytes, Stack size 0 bytes, _printf_char_common.o(.text))
<BR>[Address Reference Count : 1]<UL><LI> _printf_char_common.o(.text)
</UL><P>
<H3>
Undefined Global Symbols
</H3><HR></body></html>
